G__44851$jscomp$inline_2991:MQ
G__44852$jscomp$inline_2992:NQ
G__44853$jscomp$inline_2993:OQ
G__47950$jscomp$inline_2949:ZQ
G__47951$jscomp$inline_2950:$Q
G__47952$jscomp$inline_2951:aR
JSCompiler_StaticMethods_assoc_BANG_:fj
JSCompiler_StaticMethods_cleanUpTimeoutTimer_:zM
JSCompiler_StaticMethods_cleanUpXhr_:CM
JSCompiler_StaticMethods_cleanupKeysArray_:Fb
JSCompiler_StaticMethods_cljs$core$IMultiFn$_get_method$arity$2:bl
JSCompiler_StaticMethods_cljs$core$ITransientVector$_assoc_n_BANG_$arity$3:ii
JSCompiler_StaticMethods_convert:ZJ
JSCompiler_StaticMethods_createInstance:sM
JSCompiler_StaticMethods_decodeArray:fK
JSCompiler_StaticMethods_dispatchErrors_:BM
JSCompiler_StaticMethods_div:Pa
JSCompiler_StaticMethods_divide:$a
JSCompiler_StaticMethods_emitString:HK
JSCompiler_StaticMethods_entry_at:vj
JSCompiler_StaticMethods_error_:xM
JSCompiler_StaticMethods_fireListeners:lM
JSCompiler_StaticMethods_forceChunk:Sj
JSCompiler_StaticMethods_getBits:Za
JSCompiler_StaticMethods_getOptions:oM
JSCompiler_StaticMethods_getProgId_:pM
JSCompiler_StaticMethods_getReadyState:EM
JSCompiler_StaticMethods_markAsRemoved:RL
JSCompiler_StaticMethods_onReadyStateChangeHelper_:DM
JSCompiler_StaticMethods_parseString:eK
JSCompiler_StaticMethods_re_frame$router$IEventQueue$_fsm_trigger$arity$3:IN
JSCompiler_StaticMethods_re_frame$router$IEventQueue$_pause$arity$2:LN
JSCompiler_StaticMethods_re_frame$router$IEventQueue$_process_1st_event_in_queue$arity$1:JN
JSCompiler_StaticMethods_re_frame$router$IEventQueue$_run_next_tick$arity$1:KN
JSCompiler_StaticMethods_re_frame$router$IEventQueue$_run_queue$arity$1:HN
JSCompiler_StaticMethods_removeByKey:UL
JSCompiler_StaticMethods_shiftRightUnsigned:Qa
JSCompiler_StaticMethods_sval:Zf
JSCompiler_inline_result$jscomp$152:dA
JSCompiler_inline_result$jscomp$inline_2931:yQ
JSCompiler_prototypeAlias:h
JSCompiler_temp$jscomp$151:YP
JSCompiler_temp$jscomp$283:cQ
JSCompiler_temp$jscomp$inline_2925:vQ
L 0:a
L 1:b
L 10:t
L 11:u
L 12:x
L 13:A
L 14:D
L 15:M
L 16:P
L 17:da
L 18:ea
L 19:qa
L 2:c
L 20:Aa
L 21:Na
L 22:ia
L 23:v
L 24:B
L 25:E
L 26:F
L 27:I
L 28:K
L 29:N
L 3:d
L 30:S
L 31:U
L 32:T
L 33:W
L 34:V
L 35:X
L 36:aa
L 37:ja
L 38:oa
L 39:ta
L 4:e
L 40:ya
L 41:Ja
L 42:fb
L 43:xb
L 44:sc
L 45:zi
L 46:gw
L 5:f
L 6:g
L 7:k
L 8:n
L 9:q
ajax$core$GET$cljs$0core$0IFn$0_invoke$0arity$0variadic:eQ
ajax$core$POST$cljs$0core$0IFn$0_invoke$0arity$0variadic:$M
ajax$easy$default_error_handler:RM
ajax$easy$default_formats:MM
ajax$easy$default_handler:QM
ajax$easy$easy_ajax_request:TM
ajax$easy$keyword_request_format:NM
ajax$easy$keyword_response_format:PM
ajax$easy$keyword_response_format_element:OM
ajax$easy$transform_handler:SM
ajax$formats$content_type_matches$cljs$0core$0IFn$0_invoke$0arity$01:BL
ajax$formats$detect_content_type$cljs$0core$0IFn$0_invoke$0arity$02:CL
ajax$formats$detect_response_format:pL
ajax$formats$detect_response_format_read$cljs$0core$0IFn$0_invoke$0arity$01:DL
ajax$formats$get_accept_entries$cljs$0core$0IFn$0_invoke$0arity$01:AL
ajax$formats$get_accept_entries$cljs$0core$0IFn$0_invoke$0arity$02:zL
ajax$formats$get_format$cljs$0core$0IFn$0_invoke$0arity$02:yL
ajax$formats$raw_response_format:xL
ajax$interceptors$ApplyRequestFormat:jL
ajax$interceptors$DirectSubmission:mL
ajax$interceptors$ProcessUrlParameters:lL
ajax$interceptors$ResponseFormat:hL
ajax$interceptors$content_type_to_request_header:gL
ajax$interceptors$fail:fL
ajax$interceptors$get_response_format:oL
ajax$interceptors$map__GT_ResponseFormat:iL
ajax$interceptors$request_interceptors:nL
ajax$interceptors$uri_with_params$cljs$0core$0IFn$0_invoke$0arity$01:kL
ajax$json$json_request_format:rL
ajax$json$json_response_format:qL
ajax$protocols$_body:cJ
ajax$protocols$_get_all_headers:bJ
ajax$protocols$_get_response_header:dJ
ajax$protocols$_js_ajax_request:ZI
ajax$protocols$_process_request:fJ
ajax$protocols$_process_response:gJ
ajax$protocols$_status:$I
ajax$protocols$_status_text:aJ
ajax$protocols$_was_aborted:eJ
ajax$ring$make_ring_read:EL
ajax$simple$default_interceptors:JM
ajax$simple$js_handler$cljs$0core$0IFn$0_invoke$0arity$02:IM
ajax$simple$normalize_method:GM
ajax$simple$normalize_request:KM
ajax$simple$process_request:LM
ajax$simple$process_response:HM
ajax$transit$transit_read_fn:vL
ajax$transit$transit_request_format$cljs$0core$0IFn$0_invoke$0arity$01:uL
ajax$transit$transit_response_format:wL
ajax$transit$transit_type:sL
ajax$transit$transit_write_fn:tL
ajax$url$key_encode:jJ
ajax$url$key_value_pair_to_str:lJ
ajax$url$param_to_key_value_pairs$cljs$0core$0IFn$0_invoke$0arity$02:pJ
ajax$url$param_to_key_value_pairs$cljs$0core$0IFn$0_invoke$0arity$03:oJ
ajax$url$params_to_str$cljs$0core$0IFn$0_invoke$0arity$01:rJ
ajax$url$params_to_str$cljs$0core$0IFn$0_invoke$0arity$02:qJ
ajax$url$to_vec_key_transform:nJ
ajax$url$url_request_format$cljs$0core$0IFn$0_invoke$0arity$01:sJ
ajax$url$value_encode:kJ
ajax$url$vec_key_transform_fn$cljs$0core$0IFn$0_invoke$0arity$01:mJ
ajax$util$successful_response_codes_set:iJ
ajax$util$throw_error:hJ
ajax$xml_http_request$append:VM
ajax$xml_http_request$process_headers:WM
ajax$xml_http_request$ready_state:UM
ajax$xml_http_request$xmlhttprequest:ZM
and__4120__auto__$jscomp$inline_2932:zQ
arr$jscomp$inline_931:bA
c__4550__auto__$jscomp$inline_2990:LQ
c__4550__auto___47949$jscomp$inline_2948:YQ
cached_hierarchy__4616__auto__$jscomp$inline_2301:eD
cached_hierarchy__4616__auto__$jscomp$inline_2335:wD
cached_hierarchy__4616__auto__$jscomp$inline_2713:sQ
chunk__44776$jscomp$inline_2984:FQ
chunk__47805_47933$jscomp$inline_2941:RQ
cljs:Jb
cljs$core:Kb
cljs$core$ArrayChunk:ag
cljs$core$ArrayIter:Dg
cljs$core$ArrayNode:Pi
cljs$core$ArrayNodeIterator:Ti
cljs$core$ArrayNodeSeq:$i
cljs$core$Atom:bh
cljs$core$BitmapIndexedNode:Li
cljs$core$BitmapIndexedNode$EMPTY:Oi
cljs$core$BlackNode:lj
cljs$core$Box:Ei
cljs$core$CHAR_MAP:kc
cljs$core$ChunkBuffer:$f
cljs$core$ChunkedCons:cg
cljs$core$ChunkedSeq:bi
cljs$core$Cons:Rf
cljs$core$DEMUNGE_MAP:lc
cljs$core$DEMUNGE_PATTERN:mc
cljs$core$Delay:Bk
cljs$core$EMPTY:Mg
cljs$core$ES6EntriesIterator:ri
cljs$core$ES6Iterator:ge
cljs$core$ES6SetEntriesIterator:si
cljs$core$Eduction:Dk
cljs$core$Empty:Lg
cljs$core$EmptyList:Of
cljs$core$ExceptionInfo:dl
cljs$core$Fn:rc
cljs$core$HashCollisionNode:Xi
cljs$core$HashMapIter:bj
cljs$core$HashSetIter:Ej
cljs$core$IAssociative:Kc
cljs$core$ICollection:zc
cljs$core$IComparable:zd
cljs$core$ICounted:vc
cljs$core$IDeref:Xc
cljs$core$IEmptyableCollection:xc
cljs$core$IEncodeClojure:Ik
cljs$core$IEncodeJS:Ek
cljs$core$IFn:tc
cljs$core$IIndexed:Bc
cljs$core$IIterable:Jd
cljs$core$IKVReduce:cd
cljs$core$IList:jd
cljs$core$ILookup:Ic
cljs$core$IMap:Nc
cljs$core$IMeta:Yc
cljs$core$INIT:Eg
cljs$core$INext:Gc
cljs$core$IPending:rd
cljs$core$IPrintWithWriter:pd
cljs$core$IRecord:kd
cljs$core$IReduce:ad
cljs$core$IReversible:ld
cljs$core$ISeq:Dc
cljs$core$ISeqable:gd
cljs$core$ISequential:id
cljs$core$ISet:Rc
cljs$core$ITER_SYMBOL:jc
cljs$core$IVector:Vc
cljs$core$IndexedSeq:de
cljs$core$IndexedSeqIterator:De
cljs$core$KeySeq:yj
cljs$core$Keyword:z
cljs$core$LazySeq:Yf
cljs$core$List:Oe
cljs$core$List$EMPTY:fe
cljs$core$Many:Ig
cljs$core$MapEntry:Qh
cljs$core$MetaFn:Ve
cljs$core$MultiFn:$k
cljs$core$NONE:Jg
cljs$core$NeverEquiv:ni
cljs$core$NodeIterator:Ki
cljs$core$NodeSeq:Yi
cljs$core$PROTOCOL_SENTINEL:l
cljs$core$PersistentArrayMap:m
cljs$core$PersistentArrayMap$EMPTY:Bg
cljs$core$PersistentArrayMap$HASHMAP_THRESHOLD:Ai
cljs$core$PersistentArrayMap$createAsIfByAssoc:Se
cljs$core$PersistentArrayMap$fromArray:Ci
cljs$core$PersistentArrayMapIterator:vi
cljs$core$PersistentArrayMapSeq:ui
cljs$core$PersistentHashMap:cj
cljs$core$PersistentHashMap$EMPTY:Bi
cljs$core$PersistentHashMap$fromArrays:ej
cljs$core$PersistentHashSet:Fj
cljs$core$PersistentHashSet$EMPTY:Hj
cljs$core$PersistentHashSet$createAsIfByAssoc:bk
cljs$core$PersistentQueue:li
cljs$core$PersistentQueue$EMPTY:mi
cljs$core$PersistentQueueIter:ji
cljs$core$PersistentQueueSeq:ki
cljs$core$PersistentTreeMap:uj
cljs$core$PersistentTreeMapSeq:hj
cljs$core$PersistentTreeSet:Jj
cljs$core$PersistentVector:Y
cljs$core$PersistentVector$EMPTY:Ne
cljs$core$PersistentVector$EMPTY_NODE:Z
cljs$core$PersistentVector$fromArray:Wh
cljs$core$RSeq:Ee
cljs$core$Range:Rj
cljs$core$RangeChunk:Pj
cljs$core$RangeIterator:Qj
cljs$core$RangedIterator:Mh
cljs$core$RecordIter:qi
cljs$core$RedNode:kj
cljs$core$Reduced:ne
cljs$core$Repeat:lh
cljs$core$START:Fg
cljs$core$SeqIter:Gg
cljs$core$Single:Kg
cljs$core$StringBufferWriter:Ld
cljs$core$StringIter:Cg
cljs$core$Subvec:di
cljs$core$Symbol:Xd
cljs$core$TransformerIterator:Og
cljs$core$TransientArrayMap:yi
cljs$core$TransientHashMap:dj
cljs$core$TransientHashSet:Gj
cljs$core$TransientVector:Rh
cljs$core$UUID:cl
cljs$core$ValSeq:zj
cljs$core$Var:ae
cljs$core$VectorNode:Bh
cljs$core$Volatile:oh
cljs$core$_EQ_:C
cljs$core$_EQ__EQ_:Lf
cljs$core$_EQ__EQ_$cljs$0core$0IFn$0_invoke$0arity$02:Mf
cljs$core$_PLUS_:Cf
cljs$core$_STAR_eval_STAR_:kl
cljs$core$_STAR_loaded_libs_STAR_:Tb
cljs$core$_STAR_out_STAR_:Mb
cljs$core$_STAR_print_err_fn_STAR_:Ob
cljs$core$_STAR_print_fn_STAR_:Nb
cljs$core$_STAR_print_length_STAR_:Rb
cljs$core$_STAR_print_level_STAR_:Sb
cljs$core$_STAR_print_newline_STAR_:Pb
cljs$core$_STAR_print_readably_STAR_:Qb
cljs$core$_add_method:fl
cljs$core$_add_watch:td
cljs$core$_as_transient:vd
cljs$core$_assoc:Lc
cljs$core$_assoc_BANG_:yd
cljs$core$_assoc_n:Wc
cljs$core$_chunked_first:Cd
cljs$core$_chunked_rest:Dd
cljs$core$_clj__GT_js:Fk
cljs$core$_clone:uc
cljs$core$_compare:Ad
cljs$core$_conj:Ac
cljs$core$_conj_BANG_:wd
cljs$core$_count:wc
cljs$core$_deref:w
cljs$core$_disjoin:Sc
cljs$core$_dissoc:Oc
cljs$core$_drop_first:Bd
cljs$core$_empty:yc
cljs$core$_equiv:ed
cljs$core$_find:Mc
cljs$core$_first:Ec
cljs$core$_flush:od
cljs$core$_global_hierarchy:Nk
cljs$core$_hash:fd
cljs$core$_indexOf$cljs$0core$0IFn$0_invoke$0arity$03:ze
cljs$core$_iterator:Kd
cljs$core$_js__GT_clj:Jk
cljs$core$_key:Pc
cljs$core$_kv_reduce:dd
cljs$core$_lastIndexOf$cljs$0core$0IFn$0_invoke$0arity$03:Ce
cljs$core$_lookup:Jc
cljs$core$_meta:Zc
cljs$core$_name:Ed
cljs$core$_namespace:Fd
cljs$core$_next:Hc
cljs$core$_nth:Cc
cljs$core$_peek:Tc
cljs$core$_persistent_BANG_:xd
cljs$core$_pop:Uc
cljs$core$_pr_writer:qd
cljs$core$_realized_QMARK_:sd
cljs$core$_reduce:bd
cljs$core$_remove_watch:ud
cljs$core$_reset_BANG_:Gd
cljs$core$_rest:Fc
cljs$core$_rseq:md
cljs$core$_seq:hd
cljs$core$_swap_BANG_:Hd
cljs$core$_val:Qc
cljs$core$_vreset_BANG_:Id
cljs$core$_with_meta:$c
cljs$core$_write:nd
cljs$core$aclone:nc
cljs$core$apply:be
cljs$core$apply$cljs$0core$0IFn$0_invoke$0arity$02:qg
cljs$core$apply$cljs$0core$0IFn$0_invoke$0arity$03:rg
cljs$core$apply$cljs$0core$0IFn$0_invoke$0arity$04:sg
cljs$core$apply$cljs$0core$0IFn$0_invoke$0arity$05:tg
cljs$core$apply$cljs$0core$0IFn$0_invoke$0arity$0variadic:ug
cljs$core$apply_to:kg
cljs$core$apply_to_simple$cljs$0core$0IFn$0_invoke$0arity$03:mg
cljs$core$apply_to_simple$cljs$0core$0IFn$0_invoke$0arity$04:ng
cljs$core$apply_to_simple$cljs$0core$0IFn$0_invoke$0arity$05:og
cljs$core$apply_to_simple$cljs$0core$0IFn$0_invoke$0arity$06:pg
cljs$core$array_QMARK_:bc
cljs$core$array__GT_transient_hash_map:Di
cljs$core$array_copy:hf
cljs$core$array_for:Jh
cljs$core$array_index_of:ti
cljs$core$array_map:xj
cljs$core$array_reduce$cljs$0core$0IFn$0_invoke$0arity$02:ue
cljs$core$array_reduce$cljs$0core$0IFn$0_invoke$0arity$03:ve
cljs$core$array_reduce$cljs$0core$0IFn$0_invoke$0arity$04:we
cljs$core$assoc:Re
cljs$core$assoc_BANG_$cljs$0core$0IFn$0_invoke$0arity$03:jg
cljs$core$assoc_in:yh
cljs$core$atom$cljs$0core$0IFn$0_invoke$0arity$01:ch
cljs$core$balance_left:jj
cljs$core$balance_left_del:nj
cljs$core$balance_right:mj
cljs$core$balance_right_del:oj
cljs$core$bit_count:Jf
cljs$core$boolean$0:mf
cljs$core$bounded_count:fg
cljs$core$build_subvec:ei
cljs$core$butlast:Lj
cljs$core$char$0:Gf
cljs$core$char_escapes:gk
cljs$core$chunkIteratorSeq:Ng
cljs$core$chunk_append:eg
cljs$core$chunk_buffer:bg
cljs$core$chunk_cons:dg
cljs$core$chunked_seq:Vh
cljs$core$chunked_seq$cljs$0core$0IFn$0_invoke$0arity$04:Uh
cljs$core$chunked_seq$cljs$0core$0IFn$0_invoke$0arity$05:ci
cljs$core$chunked_seq_QMARK_:gf
cljs$core$ci_reduce$cljs$0core$0IFn$0_invoke$0arity$02:se
cljs$core$ci_reduce$cljs$0core$0IFn$0_invoke$0arity$03:te
cljs$core$clj__GT_js:Gk
cljs$core$clone_and_set$cljs$0core$0IFn$0_invoke$0arity$03:Gi
cljs$core$coll_QMARK_:af
cljs$core$comp:fh
cljs$core$compare:rf
cljs$core$compare_indexed$cljs$0core$0IFn$0_invoke$0arity$02:sf
cljs$core$compare_keywords:Tf
cljs$core$compare_symbols:Zd
cljs$core$complement:Tg
cljs$core$completing$cljs$0core$0IFn$0_invoke$0arity$02:Af
cljs$core$concat:hg
cljs$core$conj:Me
cljs$core$conj_BANG_:ig
cljs$core$cons:Ge
cljs$core$constantly:Vg
cljs$core$contains_QMARK_:pf
cljs$core$count:O
cljs$core$counted_QMARK_:xe
cljs$core$create_array_node_seq:Vi
cljs$core$create_array_node_seq$cljs$0core$0IFn$0_invoke$0arity$01:Ui
cljs$core$create_array_node_seq$cljs$0core$0IFn$0_invoke$0arity$03:aj
cljs$core$create_inode_seq:Ni
cljs$core$create_inode_seq$cljs$0core$0IFn$0_invoke$0arity$01:Mi
cljs$core$create_inode_seq$cljs$0core$0IFn$0_invoke$0arity$03:Zi
cljs$core$create_node:Ri
cljs$core$create_node$cljs$0core$0IFn$0_invoke$0arity$06:Si
cljs$core$create_node$cljs$0core$0IFn$0_invoke$0arity$07:Qi
cljs$core$create_tree_map_seq:ij
cljs$core$dec:Df
cljs$core$demunge_pattern:ml
cljs$core$deref:re
cljs$core$disj:Ze
cljs$core$dissoc:Te
cljs$core$do_assoc:Kh
cljs$core$doall$cljs$0core$0IFn$0_invoke$0arity$01:Yj
cljs$core$dominates:Wk
cljs$core$drop$cljs$0core$0IFn$0_invoke$0arity$02:ih
cljs$core$drop_last$cljs$0core$0IFn$0_invoke$0arity$02:jh
cljs$core$drop_while$cljs$0core$0IFn$0_invoke$0arity$02:kh
cljs$core$edit_and_set$cljs$0core$0IFn$0_invoke$0arity$04:Ii
cljs$core$empty:Pe
cljs$core$empty_QMARK_:$e
cljs$core$empty_ordered_hash:je
cljs$core$empty_unordered_hash:le
cljs$core$enable_console_print_BANG_:$b
cljs$core$equiv_map:pi
cljs$core$equiv_sequential:Fe
cljs$core$es6_iterator:he
cljs$core$even_QMARK_:Sg
cljs$core$every_QMARK_:Qg
cljs$core$ex_info$cljs$0core$0IFn$0_invoke$0arity$02:el
cljs$core$filter$cljs$0core$0IFn$0_invoke$0arity$02:qh
cljs$core$find_and_cache_best_method:Xk
cljs$core$first:H
cljs$core$flatten:th
cljs$core$fn_QMARK_:Ue
cljs$core$fn__GT_comparator:tf
cljs$core$fnil$cljs$0core$0IFn$0_invoke$0arity$02:Xg
cljs$core$frequencies:Wj
cljs$core$gensym$cljs$0core$0IFn$0_invoke$0arity$01:yk
cljs$core$gensym_counter:xk
cljs$core$get:y
cljs$core$get_global_hierarchy:Ok
cljs$core$get_in$cljs$0core$0IFn$0_invoke$0arity$02:wh
cljs$core$get_in$cljs$0core$0IFn$0_invoke$0arity$03:xh
cljs$core$group_by:Yk
cljs$core$hash:Ud
cljs$core$hash_collision_node_find_index:Wi
cljs$core$hash_map:wj
cljs$core$hash_ordered_coll:ie
cljs$core$hash_string:Td
cljs$core$hash_symbol:Yd
cljs$core$hash_unordered_coll:ke
cljs$core$identity:zf
cljs$core$ifn_QMARK_:nf
cljs$core$imul:Nd
cljs$core$inc:me
cljs$core$indexed_QMARK_:ye
cljs$core$inode_kv_reduce:Ji
cljs$core$instance_QMARK_:Vd
cljs$core$integer_QMARK_:qf
cljs$core$interleave:nh
cljs$core$interpose$cljs$0core$0IFn$0_invoke$0arity$02:Bj
cljs$core$into:Yg
cljs$core$into_array:oc
cljs$core$isa_QMARK_$cljs$0core$0IFn$0_invoke$0arity$03:Sk
cljs$core$iter:Hg
cljs$core$iter_reduce$cljs$0core$0IFn$0_invoke$0arity$02:vf
cljs$core$iter_reduce$cljs$0core$0IFn$0_invoke$0arity$03:wf
cljs$core$iterable_QMARK_:ce
cljs$core$js__GT_clj$cljs$0core$0IFn$0_invoke$0arity$0variadic:Kk
cljs$core$js_reserved:hl
cljs$core$js_reserved_QMARK_:il
cljs$core$js_reserved_arr:gl
cljs$core$juxt$cljs$0core$0IFn$0_invoke$0arity$02:Xj
cljs$core$keep$cljs$0core$0IFn$0_invoke$0arity$02:ah
cljs$core$key:Zh
cljs$core$key_test:Fi
cljs$core$keys:wi
cljs$core$keyword:Wf
cljs$core$keyword_QMARK_:vg
cljs$core$keyword_identical_QMARK_:Uf
cljs$core$last:Le
cljs$core$lift_ns:zk
cljs$core$linear_traversal_nth$cljs$0core$0IFn$0_invoke$0arity$03:Qe
cljs$core$list:Qf
cljs$core$list_QMARK_:Nf
cljs$core$lookup_sentinel:jf
cljs$core$m3_fmix:Qd
cljs$core$m3_mix_H1:Pd
cljs$core$m3_mix_K1:Od
cljs$core$map:gh
cljs$core$map_QMARK_:df
cljs$core$map_entry_QMARK_:Yh
cljs$core$map_indexed$cljs$0core$0IFn$0_invoke$0arity$02:$g
cljs$core$mapcat$cljs$0core$0IFn$0_invoke$0arity$0variadic:ph
cljs$core$mapv$cljs$0core$0IFn$0_invoke$0arity$02:uh
cljs$core$max:Ef
cljs$core$max_key:Nj
cljs$core$merge:Aj
cljs$core$merge_with$cljs$0core$0IFn$0_invoke$0arity$0variadic:Ij
cljs$core$meta:Xe
cljs$core$min:If
cljs$core$missing_protocol:hc
cljs$core$name:Xf
cljs$core$namespace:Vf
cljs$core$native_satisfies_QMARK_:fc
cljs$core$never_equiv:oi
cljs$core$new_path:Fh
cljs$core$next:J
cljs$core$next_STAR_:lg
cljs$core$nil_QMARK_:ac
cljs$core$nil_iter:zg
cljs$core$not:dc
cljs$core$not_EQ_$cljs$0core$0IFn$0_invoke$0arity$02:Ug
cljs$core$not_empty:yg
cljs$core$nth:Be
cljs$core$nth$cljs$0core$0IFn$0_invoke$0arity$02:Ae
cljs$core$nth$cljs$0core$0IFn$0_invoke$0arity$03:R
cljs$core$number_QMARK_:cc
cljs$core$parents$cljs$0core$0IFn$0_invoke$0arity$01:Tk
cljs$core$partial:Wg
cljs$core$partition$cljs$0core$0IFn$0_invoke$0arity$03:vh
cljs$core$peek:Ye
cljs$core$pop:lf
cljs$core$pop_tail:Lh
cljs$core$pos_QMARK_:Pf
cljs$core$pr_opts:Ub
cljs$core$pr_sb_with_opts:pk
cljs$core$pr_seq_writer:rk
cljs$core$pr_sequential_writer:ck
cljs$core$pr_str:sk
cljs$core$pr_str_STAR_:Md
cljs$core$pr_str_with_opts:qk
cljs$core$pr_writer:kk
cljs$core$pr_writer_impl:jk
cljs$core$prefers_STAR_:Vk
cljs$core$prim_seq$cljs$0core$0IFn$0_invoke$0arity$02:Q
cljs$core$print_map:lk
cljs$core$print_meta_QMARK_:ik
cljs$core$print_prefix_map:vk
cljs$core$print_str:uk
cljs$core$println$cljs$0core$0IFn$0_invoke$0arity$0variadic:tk
cljs$core$push_tail:Gh
cljs$core$pv_clone_node:Dh
cljs$core$pv_fresh_node:Ch
cljs$core$pv_reduce$cljs$0core$0IFn$0_invoke$0arity$04:Oh
cljs$core$pv_reduce$cljs$0core$0IFn$0_invoke$0arity$05:Ph
cljs$core$quot:Hf
cljs$core$quote_string:hk
cljs$core$range$cljs$0core$0IFn$0_invoke$0arity$03:Tj
cljs$core$ranged_iterator:Nh
cljs$core$re_find:ak
cljs$core$re_matches:Zj
cljs$core$re_pattern:ok
cljs$core$record_QMARK_:ef
cljs$core$reduce:qc
cljs$core$reduce$cljs$0core$0IFn$0_invoke$0arity$02:xf
cljs$core$reduce$cljs$0core$0IFn$0_invoke$0arity$03:pc
cljs$core$reduce_kv:yf
cljs$core$reduced:oe
cljs$core$reduced_QMARK_:pe
cljs$core$rem:Kf
cljs$core$remove$cljs$0core$0IFn$0_invoke$0arity$02:rh
cljs$core$remove_pair:Hi
cljs$core$repeat$cljs$0core$0IFn$0_invoke$0arity$02:mh
cljs$core$reset_BANG_:dh
cljs$core$reset_cache:Uk
cljs$core$rest:ee
cljs$core$reverse:Sf
cljs$core$second:Ke
cljs$core$select_keys:Cj
cljs$core$seq:G
cljs$core$seq_QMARK_:kf
cljs$core$seq_reduce:Ie
cljs$core$seq_reduce$cljs$0core$0IFn$0_invoke$0arity$02:He
cljs$core$seq_reduce$cljs$0core$0IFn$0_invoke$0arity$03:Je
cljs$core$seqable_QMARK_:of
cljs$core$sequential_QMARK_:cf
cljs$core$set:Kj
cljs$core$set_QMARK_:bf
cljs$core$some:Rg
cljs$core$sort$cljs$0core$0IFn$0_invoke$0arity$02:Ff
cljs$core$split_with:Vj
cljs$core$spread:gg
cljs$core$str:r
cljs$core$string_QMARK_:ec
cljs$core$string_hash_cache:Rd
cljs$core$string_hash_cache_count:Sd
cljs$core$string_print:fk
cljs$core$subvec:fi
cljs$core$swap_BANG_:eh
cljs$core$symbol:$d
cljs$core$symbol_QMARK_:Wd
cljs$core$t_cljs$0core40493:Lb
cljs$core$tail_off:Eh
cljs$core$take$cljs$0core$0IFn$0_invoke$0arity$02:hh
cljs$core$take_nth$cljs$0core$0IFn$0_invoke$0arity$02:Uj
cljs$core$take_while$cljs$0core$0IFn$0_invoke$0arity$02:Oj
cljs$core$tapset:jl
cljs$core$throw_no_method_error:Zk
cljs$core$to_array:uf
cljs$core$transduce$cljs$0core$0IFn$0_invoke$0arity$04:Bf
cljs$core$transformer_iterator:Pg
cljs$core$tree_map_add:qj
cljs$core$tree_map_append:rj
cljs$core$tree_map_kv_reduce:pj
cljs$core$tree_map_remove:sj
cljs$core$tree_map_replace:tj
cljs$core$tree_map_seq_push:gj
cljs$core$tree_seq:sh
cljs$core$truth_:p
cljs$core$tv_editable_root:Sh
cljs$core$tv_editable_tail:Th
cljs$core$tv_ensure_editable:gi
cljs$core$tv_push_tail:hi
cljs$core$type:gc
cljs$core$type__GT_str:ic
cljs$core$unchecked_array_for:Ih
cljs$core$unreduced:qe
cljs$core$update:Ah
cljs$core$update_in:zh
cljs$core$val:$h
cljs$core$vals:xi
cljs$core$vary_meta$cljs$0core$0IFn$0_invoke$0arity$04:wg
cljs$core$vec:Xh
cljs$core$vector:ai
cljs$core$vector_QMARK_:ff
cljs$core$vector_index_out_of_bounds:Hh
cljs$core$with_meta:We
cljs$core$write_all$cljs$0core$0IFn$0_invoke$0arity$0variadic:ek
cljs$core$zipmap:Mj
cljs$cst$keyword$_LT__DASH_:Ps
cljs$cst$keyword$_LT__GT_:Sm
cljs$cst$keyword$aborted:ox
cljs$cst$keyword$add_DASH_event:yn
cljs$cst$keyword$after:yt
cljs$cst$keyword$aligned_DASH_body:xr
cljs$cst$keyword$aligned_DASH_li_DASH_style:ul
cljs$cst$keyword$aligned_DASH_li_DASH_tag:In
cljs$cst$keyword$all:Kp
cljs$cst$keyword$allows_DASH_separator:kv
cljs$cst$keyword$alt_DASH_impl:mk
cljs$cst$keyword$ancestors:Rk
cljs$cst$keyword$api:eq
cljs$cst$keyword$app_SLASH_initialize:Cl
cljs$cst$keyword$arg1:Gx
cljs$cst$keyword$arg2:Ix
cljs$cst$keyword$arg3:Ex
cljs$cst$keyword$arglists:Zr
cljs$cst$keyword$args:Pw
cljs$cst$keyword$args_DASH_close_DASH_symbol:Vt
cljs$cst$keyword$args_DASH_open_DASH_symbol:ep
cljs$cst$keyword$arities:ht
cljs$cst$keyword$asset_DASH_path:Ao
cljs$cst$keyword$asset_DASH_root:Tr
cljs$cst$keyword$async:wo
cljs$cst$keyword$at:Cw
cljs$cst$keyword$atom:vy
cljs$cst$keyword$atomic:Dy
cljs$cst$keyword$auto_DASH_run:cs
cljs$cst$keyword$base:Tn
cljs$cst$keyword$base_DASH_args:Mm
cljs$cst$keyword$basis_DASH_icon:Ar
cljs$cst$keyword$before:Kt
cljs$cst$keyword$block:Jr
cljs$cst$keyword$body:Jv
cljs$cst$keyword$body_DASH_field_DASH_name_DASH_style:Ro
cljs$cst$keyword$body_DASH_field_DASH_name_DASH_tag:Dx
cljs$cst$keyword$body_DASH_field_DASH_symbol:Jl
cljs$cst$keyword$body_DASH_field_DASH_td1_DASH_style:Vp
cljs$cst$keyword$body_DASH_field_DASH_td1_DASH_tag:vq
cljs$cst$keyword$body_DASH_field_DASH_td2_DASH_style:hy
cljs$cst$keyword$body_DASH_field_DASH_td2_DASH_tag:Ol
cljs$cst$keyword$body_DASH_field_DASH_td3_DASH_style:gq
cljs$cst$keyword$body_DASH_field_DASH_td3_DASH_tag:bv
cljs$cst$keyword$body_DASH_field_DASH_tr_DASH_style:Gu
cljs$cst$keyword$body_DASH_field_DASH_tr_DASH_tag:wx
cljs$cst$keyword$body_DASH_field_DASH_value_DASH_spacer:Wr
cljs$cst$keyword$body_DASH_field_DASH_value_DASH_style:br
cljs$cst$keyword$body_DASH_field_DASH_value_DASH_tag:vm
cljs$cst$keyword$body_DASH_items_DASH_more_DASH_label:Kn
cljs$cst$keyword$body_DASH_items_DASH_more_DASH_style:Kx
cljs$cst$keyword$body_DASH_items_DASH_more_DASH_tag:tp
cljs$cst$keyword$body_DASH_line_DASH_max_DASH_print_DASH_level:xm
cljs$cst$keyword$body_DASH_post_DASH_handler:Hu
cljs$cst$keyword$body_DASH_pre_DASH_handler:On
cljs$cst$keyword$body_DASH_style:px
cljs$cst$keyword$body_DASH_tag:op
cljs$cst$keyword$bool:Et
cljs$cst$keyword$bool_DASH_style:Pt
cljs$cst$keyword$bool_DASH_tag:Zt
cljs$cst$keyword$both:Tu
cljs$cst$keyword$bracket_DASH_info:cx
cljs$cst$keyword$buffer:qx
cljs$cst$keyword$buffer_DASH_blob:iv
cljs$cst$keyword$buffer_DASH_block:zq
cljs$cst$keyword$buffer_DASH_level:lr
cljs$cst$keyword$buffering:hn
cljs$cst$keyword$bypass_DASH_availability_DASH_checks:Kw
cljs$cst$keyword$char_DASH_format:Vv
cljs$cst$keyword$character:Gt
cljs$cst$keyword$childContextTypes:Ds
cljs$cst$keyword$chrome:Qw
cljs$cst$keyword$circle:om
cljs$cst$keyword$circular_DASH_ref_DASH_icon:no
cljs$cst$keyword$circular_DASH_reference:Cu
cljs$cst$keyword$circular_DASH_reference_DASH_body_DASH_style:Zu
cljs$cst$keyword$circular_DASH_reference_DASH_body_DASH_tag:ix
cljs$cst$keyword$circular_DASH_reference_DASH_tag:Vu
cljs$cst$keyword$circular_DASH_reference_DASH_wrapper_DASH_style:zn
cljs$cst$keyword$class:dw
cljs$cst$keyword$clauses:sw
cljs$cst$keyword$cljsLegacyRender:Ap
cljs$cst$keyword$cljs_DASH_land:Hl
cljs$cst$keyword$cljs_DASH_land_DASH_style:Ss
cljs$cst$keyword$cljs_DASH_land_DASH_tag:Eo
cljs$cst$keyword$cljs_DOT_analyzer_SLASH_analyzed:mn
cljs$cst$keyword$cljs_DOT_core_SLASH_not_DASH_found:Dj
cljs$cst$keyword$close_DASH_symbol:gx
cljs$cst$keyword$coeffects:nw
cljs$cst$keyword$coerce:Zs
cljs$cst$keyword$cofx:Yp
cljs$cst$keyword$col:mp
cljs$cst$keyword$colinc:ip
cljs$cst$keyword$colnum:$w
cljs$cst$keyword$colon:ft
cljs$cst$keyword$colon_DASH_up_DASH_arrow:nv
cljs$cst$keyword$column:sx
cljs$cst$keyword$commachar:ds
cljs$cst$keyword$commainterval:Pq
cljs$cst$keyword$componentWillUnmount:eu
cljs$cst$keyword$component_DASH_did_DASH_update:ax
cljs$cst$keyword$component_DASH_will_DASH_unmount:to
cljs$cst$keyword$connection_DASH_established:Vx
cljs$cst$keyword$constructor:Cs
cljs$cst$keyword$content_DASH_type:Ll
cljs$cst$keyword$contextType:ju
cljs$cst$keyword$contextTypes:gr
cljs$cst$keyword$count:rw
cljs$cst$keyword$cur:Cq
cljs$cst$keyword$current:up
cljs$cst$keyword$d:ou
cljs$cst$keyword$data:dm
cljs$cst$keyword$db:ux
cljs$cst$keyword$db_DASH_handler:hv
cljs$cst$keyword$debug:Lu
cljs$cst$keyword$def:Tm
cljs$cst$keyword$default:al
cljs$cst$keyword$default_DASH_envelope_DASH_header:ts
cljs$cst$keyword$default_DASH_envelope_DASH_style:Qv
cljs$cst$keyword$default_DASH_envelope_DASH_tag:Qs
cljs$cst$keyword$depth_DASH_budget:xq
cljs$cst$keyword$deref:iy
cljs$cst$keyword$deregister_DASH_event_DASH_handler:fr
cljs$cst$keyword$descendants:Qk
cljs$cst$keyword$description:mm
cljs$cst$keyword$details:Uu
cljs$cst$keyword$devtools_DOT_formatters_DOT_printing_SLASH_markup:vn
cljs$cst$keyword$devtools_DOT_munging_SLASH_multi_DASH_arity:Wp
cljs$cst$keyword$devtools_DOT_munging_SLASH_result:mr
cljs$cst$keyword$devtools_DOT_munging_SLASH_variadic:xg
cljs$cst$keyword$directive:un
cljs$cst$keyword$disable_DASH_advanced_DASH_mode_DASH_check:Uv
cljs$cst$keyword$disable_DASH_cljs_DASH_fn_DASH_formatting:am
cljs$cst$keyword$disabled:Vl
cljs$cst$keyword$dispatch:iw
cljs$cst$keyword$dispatch_DASH_later:st
cljs$cst$keyword$dispatch_DASH_n:Vw
cljs$cst$keyword$displayName:xv
cljs$cst$keyword$display_DASH_name:yu
cljs$cst$keyword$div:Vn
cljs$cst$keyword$div_DOT_columns_GT_div_DOT_column:fs
cljs$cst$keyword$div_DOT_content_GT_div_DOT_column:pq
cljs$cst$keyword$div_DOT_content_GT_div_DOT_columns_DOT_is_DASH_centered_GT_div_DOT_column_DOT_is_DASH_two_DASH_thirds:Hx
cljs$cst$keyword$div_DOT_field:Wl
cljs$cst$keyword$div_DOT_notification_DOT_is_DASH_danger:kt
cljs$cst$keyword$do_DASH_fx:Sn
cljs$cst$keyword$doc:sv
cljs$cst$keyword$done_DASH_nl:hm
cljs$cst$keyword$dont_DASH_detect_DASH_custom_DASH_formatters:bo
cljs$cst$keyword$dont_DASH_display_DASH_advanced_DASH_build_DASH_warning:Es
cljs$cst$keyword$dont_DASH_display_DASH_banner:pu
cljs$cst$keyword$dq:Fx
cljs$cst$keyword$dup:Yb
cljs$cst$keyword$e:mu
cljs$cst$keyword$effects:Rn
cljs$cst$keyword$else:Kr
cljs$cst$keyword$else_DASH_params:Cy
cljs$cst$keyword$empty_DASH_basis_DASH_symbol:fn
cljs$cst$keyword$end:fv
cljs$cst$keyword$end_DASH_block_DASH_t:Hy
cljs$cst$keyword$end_DASH_column:zm
cljs$cst$keyword$end_DASH_line:bm
cljs$cst$keyword$end_DASH_pos:ns
cljs$cst$keyword$eof:cv
cljs$cst$keyword$error:Jn
cljs$cst$keyword$error_DASH_handler:ir
cljs$cst$keyword$errors:qy
cljs$cst$keyword$event:Pn
cljs$cst$keyword$ex_DASH_kind:Ip
cljs$cst$keyword$exception:Ym
cljs$cst$keyword$expandable:Bx
cljs$cst$keyword$expandable_DASH_inner_DASH_style:ty
cljs$cst$keyword$expandable_DASH_inner_DASH_tag:Bp
cljs$cst$keyword$expandable_DASH_style:Ft
cljs$cst$keyword$expandable_DASH_symbol:aq
cljs$cst$keyword$expandable_DASH_tag:ln
cljs$cst$keyword$expandable_DASH_wrapper_DASH_style:Ns
cljs$cst$keyword$expanded_DASH_string_DASH_style:uq
cljs$cst$keyword$expanded_DASH_string_DASH_tag:Fy
cljs$cst$keyword$exponentchar:sn
cljs$cst$keyword$failed:Rt
cljs$cst$keyword$failure:qp
cljs$cst$keyword$fallback_DASH_impl:nk
cljs$cst$keyword$fast_DASH_protocol_DASH_style:Xu
cljs$cst$keyword$fast_DASH_protocol_DASH_tag:Tt
cljs$cst$keyword$fast_QMARK_:Oq
cljs$cst$keyword$features_DASH_to_DASH_install:rq
cljs$cst$keyword$field:ww
cljs$cst$keyword$fields:Ux
cljs$cst$keyword$fields_DASH_details:tv
cljs$cst$keyword$fields_DASH_details_DASH_row:bp
cljs$cst$keyword$fields_DASH_header_DASH_close_DASH_symbol:Ax
cljs$cst$keyword$fields_DASH_header_DASH_no_DASH_fields_DASH_symbol:No
cljs$cst$keyword$fields_DASH_header_DASH_open_DASH_symbol:rl
cljs$cst$keyword$fields_DASH_header_DASH_style:Il
cljs$cst$keyword$fields_DASH_header_DASH_tag:oy
cljs$cst$keyword$fields_DASH_icon:ey
cljs$cst$keyword$file:hr
cljs$cst$keyword$file_DASH_reader:jp
cljs$cst$keyword$fill:zr
cljs$cst$keyword$finally:Ls
cljs$cst$keyword$finish_DASH_run:mt
cljs$cst$keyword$firefox:hq
cljs$cst$keyword$first:oo
cljs$cst$keyword$flags:ov
cljs$cst$keyword$float_DASH_style:Rx
cljs$cst$keyword$float_DASH_tag:Rs
cljs$cst$keyword$flush_DASH_dom:fx
cljs$cst$keyword$flush_DASH_on_DASH_newline:Vb
cljs$cst$keyword$fn_DASH_args_DASH_style:rn
cljs$cst$keyword$fn_DASH_args_DASH_tag:Dt
cljs$cst$keyword$fn_DASH_header_DASH_style:Zo
cljs$cst$keyword$fn_DASH_header_DASH_tag:hu
cljs$cst$keyword$fn_DASH_icon:Er
cljs$cst$keyword$fn_DASH_multi_DASH_arity_DASH_args_DASH_indent_DASH_style:Rl
cljs$cst$keyword$fn_DASH_multi_DASH_arity_DASH_args_DASH_indent_DASH_tag:sp
cljs$cst$keyword$fn_DASH_name_DASH_style:Dw
cljs$cst$keyword$fn_DASH_name_DASH_tag:Fs
cljs$cst$keyword$fn_DASH_ns_DASH_name_DASH_style:Iy
cljs$cst$keyword$fn_DASH_ns_DASH_name_DASH_tag:sl
cljs$cst$keyword$fn_DASH_prefix_DASH_style:Qr
cljs$cst$keyword$fn_DASH_prefix_DASH_tag:Iu
cljs$cst$keyword$for:mo
cljs$cst$keyword$form_SLASH_clear_DASH_fields:ls
cljs$cst$keyword$form_SLASH_error:Pl
cljs$cst$keyword$form_SLASH_errors:Uq
cljs$cst$keyword$form_SLASH_field:on
cljs$cst$keyword$form_SLASH_fields:Xp
cljs$cst$keyword$form_SLASH_server_DASH_errors:Mu
cljs$cst$keyword$form_SLASH_set_DASH_field:Wv
cljs$cst$keyword$form_SLASH_set_DASH_server_DASH_errors:aw
cljs$cst$keyword$form_SLASH_validation_DASH_errors:Lq
cljs$cst$keyword$form_SLASH_validation_DASH_errors_QMARK_:ny
cljs$cst$keyword$format:yo
cljs$cst$keyword$formatters:em
cljs$cst$keyword$fsm_DASH_state:Bs
cljs$cst$keyword$func:vu
cljs$cst$keyword$function:co
cljs$cst$keyword$function_DASH_details:Ct
cljs$cst$keyword$fx:Uw
cljs$cst$keyword$fx_DASH_handler:dq
cljs$cst$keyword$generator_DASH_fn:Nx
cljs$cst$keyword$getDerivedStateFromError:Kv
cljs$cst$keyword$getDerivedStateFromProps:ru
cljs$cst$keyword$getInitialState:Bm
cljs$cst$keyword$global_DASH_interceptors:Gq
cljs$cst$keyword$graaljs:ql
cljs$cst$keyword$group:$u
cljs$cst$keyword$groupEnd:uy
cljs$cst$keyword$h3:Tw
cljs$cst$keyword$handler:To
cljs$cst$keyword$handlers:gm
cljs$cst$keyword$has_DASH_body_DASH_post_DASH_handler:Nr
cljs$cst$keyword$has_DASH_body_DASH_pre_DASH_handler:pr
cljs$cst$keyword$header:kw
cljs$cst$keyword$header_DASH_expander:gp
cljs$cst$keyword$header_DASH_expander_DASH_symbol:Os
cljs$cst$keyword$header_DASH_field_DASH_name_DASH_style:gv
cljs$cst$keyword$header_DASH_field_DASH_name_DASH_tag:Iw
cljs$cst$keyword$header_DASH_field_DASH_separator:Ou
cljs$cst$keyword$header_DASH_field_DASH_style:Oo
cljs$cst$keyword$header_DASH_field_DASH_tag:Sx
cljs$cst$keyword$header_DASH_field_DASH_value_DASH_spacer:is
cljs$cst$keyword$header_DASH_field_DASH_value_DASH_style:po
cljs$cst$keyword$header_DASH_field_DASH_value_DASH_tag:Or
cljs$cst$keyword$header_DASH_post_DASH_handelr:ko
cljs$cst$keyword$header_DASH_post_DASH_handler:Gv
cljs$cst$keyword$header_DASH_pre_DASH_handler:pt
cljs$cst$keyword$header_DASH_protocol_DASH_separator:pv
cljs$cst$keyword$header_DASH_style:sq
cljs$cst$keyword$header_DASH_tag:Xo
cljs$cst$keyword$headers:Xl
cljs$cst$keyword$hierarchy:Xt
cljs$cst$keyword$hints:$n
cljs$cst$keyword$history:yw
cljs$cst$keyword$host:dp
cljs$cst$keyword$host_DASH_port:$v
cljs$cst$keyword$id:Wx
cljs$cst$keyword$idle:nl
cljs$cst$keyword$illegal_DASH_argument:gn
cljs$cst$keyword$indent:zy
cljs$cst$keyword$indent_DASH_t:Au
cljs$cst$keyword$index:xw
cljs$cst$keyword$index_DASH_style:Gy
cljs$cst$keyword$index_DASH_tag:Xq
cljs$cst$keyword$initial_DASH_hierarchy_DASH_depth_DASH_budget:Pu
cljs$cst$keyword$inject_DASH_global_DASH_interceptors:Ew
cljs$cst$keyword$input_DOT_button_DOT_is_DASH_primary:Yu
cljs$cst$keyword$input_DOT_input:Ir
cljs$cst$keyword$instance:eo
cljs$cst$keyword$instance_DASH_body_DASH_fields_DASH_table_DASH_style:Qq
cljs$cst$keyword$instance_DASH_body_DASH_fields_DASH_table_DASH_tag:Rr
cljs$cst$keyword$instance_DASH_custom_DASH_printing_DASH_background:Uo
cljs$cst$keyword$instance_DASH_custom_DASH_printing_DASH_style:tt
cljs$cst$keyword$instance_DASH_custom_DASH_printing_DASH_tag:Sw
cljs$cst$keyword$instance_DASH_custom_DASH_printing_DASH_wrapper_DASH_style:Ys
cljs$cst$keyword$instance_DASH_custom_DASH_printing_DASH_wrapper_DASH_tag:bs
cljs$cst$keyword$instance_DASH_header_DASH_background:jx
cljs$cst$keyword$instance_DASH_header_DASH_style:Wo
cljs$cst$keyword$instance_DASH_header_DASH_tag:Oy
cljs$cst$keyword$instance_DASH_type_DASH_header_DASH_style:zt
cljs$cst$keyword$instance_DASH_type_DASH_header_DASH_tag:ws
cljs$cst$keyword$instance_DASH_value_DASH_separator:sy
cljs$cst$keyword$instance_DASH_value_DASH_style:pp
cljs$cst$keyword$instance_DASH_value_DASH_tag:ot
cljs$cst$keyword$integer_DASH_style:im
cljs$cst$keyword$integer_DASH_tag:St
cljs$cst$keyword$interceptors:rt
cljs$cst$keyword$intra_DASH_block_DASH_nl:Yo
cljs$cst$keyword$item_DASH_style:Ws
cljs$cst$keyword$item_DASH_tag:Ov
cljs$cst$keyword$java:uw
cljs$cst$keyword$json:lq
cljs$cst$keyword$json_DASH_verbose:jr
cljs$cst$keyword$k:ku
cljs$cst$keyword$key:tx
cljs$cst$keyword$keyword:ly
cljs$cst$keyword$keyword_DASH_fn:Hk
cljs$cst$keyword$keyword_DASH_style:Nv
cljs$cst$keyword$keyword_DASH_tag:Hw
cljs$cst$keyword$keywordize_DASH_keys:Lk
cljs$cst$keyword$keywords_QMARK_:uo
cljs$cst$keyword$label_DOT_label:yv
cljs$cst$keyword$lambda_DASH_icon:yr
cljs$cst$keyword$last:$t
cljs$cst$keyword$legacy_DASH_formatter:wv
cljs$cst$keyword$length:Dm
cljs$cst$keyword$level:zl
cljs$cst$keyword$li:$l
cljs$cst$keyword$line:El
cljs$cst$keyword$line_DASH_index_DASH_separator:jt
cljs$cst$keyword$linear:Us
cljs$cst$keyword$lines:bt
cljs$cst$keyword$list:rx
cljs$cst$keyword$list_DASH_close_DASH_symbol:Wm
cljs$cst$keyword$list_DASH_details:Cm
cljs$cst$keyword$list_DASH_open_DASH_symbol:Tv
cljs$cst$keyword$list_DASH_separator:wt
cljs$cst$keyword$list_DASH_style:Zm
cljs$cst$keyword$list_DASH_tag:Fm
cljs$cst$keyword$loaded_QMARK_:ct
cljs$cst$keyword$log:Ql
cljs$cst$keyword$logical_DASH_block:np
cljs$cst$keyword$logical_DASH_block_DASH_callback:Px
cljs$cst$keyword$logical_DASH_blocks:hp
cljs$cst$keyword$managed_DASH_print_DASH_level:wl
cljs$cst$keyword$mandatory:Am
cljs$cst$keyword$map:Dv
cljs$cst$keyword$markup_DASH_db:Dp
cljs$cst$keyword$max:Zv
cljs$cst$keyword$max_DASH_columns:Yv
cljs$cst$keyword$max_DASH_header_DASH_elements:jo
cljs$cst$keyword$max_DASH_instance_DASH_custom_DASH_printing_DASH_level:Gr
cljs$cst$keyword$max_DASH_instance_DASH_header_DASH_fields:gs
cljs$cst$keyword$max_DASH_iterations:jy
cljs$cst$keyword$max_DASH_list_DASH_protocols:Cx
cljs$cst$keyword$max_DASH_number_DASH_body_DASH_items:vx
cljs$cst$keyword$max_DASH_print_DASH_level:Yt
cljs$cst$keyword$max_DASH_protocol_DASH_method_DASH_arities_DASH_list:Fu
cljs$cst$keyword$message:Eq
cljs$cst$keyword$message_SLASH_add:ks
cljs$cst$keyword$message_SLASH_send_BANG_:yp
cljs$cst$keyword$messages:Nt
cljs$cst$keyword$messages_SLASH_list:xp
cljs$cst$keyword$messages_SLASH_load:Xw
cljs$cst$keyword$messages_SLASH_loading_QMARK_:km
cljs$cst$keyword$messages_SLASH_set:Go
cljs$cst$keyword$meta:Xb
cljs$cst$keyword$meta_DASH_body_DASH_style:Ot
cljs$cst$keyword$meta_DASH_body_DASH_tag:Lx
cljs$cst$keyword$meta_DASH_header_DASH_tag:vv
cljs$cst$keyword$meta_DASH_reference_DASH_style:Av
cljs$cst$keyword$meta_DASH_reference_DASH_tag:au
cljs$cst$keyword$meta_DASH_style:Eu
cljs$cst$keyword$meta_DASH_wrapper:tm
cljs$cst$keyword$meta_DASH_wrapper_DASH_style:zv
cljs$cst$keyword$meta_DASH_wrapper_DASH_tag:Dn
cljs$cst$keyword$method:rs
cljs$cst$keyword$method_DASH_icon:Qt
cljs$cst$keyword$min_DASH_expandable_DASH_sequable_DASH_count:ym
cljs$cst$keyword$min_DASH_expandable_DASH_sequable_DASH_count_DASH_for_DASH_well_DASH_known_DASH_types:my
cljs$cst$keyword$min_DASH_remaining:Vr
cljs$cst$keyword$mincol:by
cljs$cst$keyword$minpad:lt
cljs$cst$keyword$miser:Nw
cljs$cst$keyword$miser_DASH_width:tw
cljs$cst$keyword$mode:Xv
cljs$cst$keyword$more_DASH_fields_DASH_symbol:My
cljs$cst$keyword$more_DASH_marker:dk
cljs$cst$keyword$more_DASH_protocols:Tl
cljs$cst$keyword$more_DASH_symbol:dx
cljs$cst$keyword$ms:Al
cljs$cst$keyword$multi_DASH_arity_DASH_symbol:Qn
cljs$cst$keyword$n:uu
cljs$cst$keyword$naked:ps
cljs$cst$keyword$name:lw
cljs$cst$keyword$namespaced_DASH_map:As
cljs$cst$keyword$nashorn:Gl
cljs$cst$keyword$native_DASH_icon:Mx
cljs$cst$keyword$native_DASH_reference:kn
cljs$cst$keyword$native_DASH_reference_DASH_background:rm
cljs$cst$keyword$native_DASH_reference_DASH_style:Tp
cljs$cst$keyword$native_DASH_reference_DASH_tag:Um
cljs$cst$keyword$native_DASH_reference_DASH_wrapper_DASH_style:Gm
cljs$cst$keyword$native_DASH_reference_DASH_wrapper_DASH_tag:qq
cljs$cst$keyword$new_DASH_line_DASH_string_DASH_replacer:nt
cljs$cst$keyword$nil:iq
cljs$cst$keyword$nil_DASH_label:qn
cljs$cst$keyword$nil_DASH_style:ur
cljs$cst$keyword$nil_DASH_tag:Mv
cljs$cst$keyword$nl_DASH_t:Ev
cljs$cst$keyword$no_DASH_cache:Nm
cljs$cst$keyword$nodejs:tu
cljs$cst$keyword$not_DASH_delivered:Hm
cljs$cst$keyword$not_DASH_initialized:ev
cljs$cst$keyword$ns:ll
cljs$cst$keyword$ns_DASH_icon:pl
cljs$cst$keyword$number:$s
cljs$cst$keyword$offset:$r
cljs$cst$keyword$ol:bn
cljs$cst$keyword$on_DASH_change:Bl
cljs$cst$keyword$on_DASH_click:qm
cljs$cst$keyword$on_DASH_dispose:Sl
cljs$cst$keyword$on_DASH_set:zw
cljs$cst$keyword$on_DASH_write:Dq
cljs$cst$keyword$open_DASH_symbol:jn
cljs$cst$keyword$optional:Ho
cljs$cst$keyword$original_DASH_text:as
cljs$cst$keyword$output_DASH_dir:mx
cljs$cst$keyword$overflowchar:Yx
cljs$cst$keyword$p:fu
cljs$cst$keyword$padchar:jq
cljs$cst$keyword$parameter_DASH_from_DASH_args:Mw
cljs$cst$keyword$params:Cr
cljs$cst$keyword$parent:Ep
cljs$cst$keyword$parents:Pk
cljs$cst$keyword$parse:en
cljs$cst$keyword$parse_DASH_error:Om
cljs$cst$keyword$parse_DASH_stacktrace:Ow
cljs$cst$keyword$path:gt
cljs$cst$keyword$pause:Su
cljs$cst$keyword$paused:nq
cljs$cst$keyword$pending:Mk
cljs$cst$keyword$per_DASH_line_DASH_prefix:cm
cljs$cst$keyword$platform:qr
cljs$cst$keyword$plus_DASH_symbol:Sv
cljs$cst$keyword$port:um
cljs$cst$keyword$pos:Mq
cljs$cst$keyword$prefix:Zn
cljs$cst$keyword$pretty:kr
cljs$cst$keyword$pretty_DASH_writer:$q
cljs$cst$keyword$prevent_DASH_recursion:sr
cljs$cst$keyword$preview:Wq
cljs$cst$keyword$print_DASH_config_DASH_overrides:Rq
cljs$cst$keyword$print_DASH_length:Zb
cljs$cst$keyword$private:lm
cljs$cst$keyword$processing_DASH_request:Bw
cljs$cst$keyword$progress_DASH_handler:Zx
cljs$cst$keyword$protocol:cy
cljs$cst$keyword$protocol_DASH_background:Js
cljs$cst$keyword$protocol_DASH_details:so
cljs$cst$keyword$protocol_DASH_method:Is
cljs$cst$keyword$protocol_DASH_method_DASH_arities:$o
cljs$cst$keyword$protocol_DASH_method_DASH_arities_DASH_details:Mp
cljs$cst$keyword$protocol_DASH_method_DASH_arities_DASH_header_DASH_close_DASH_symbol:Vo
cljs$cst$keyword$protocol_DASH_method_DASH_arities_DASH_header_DASH_open_DASH_symbol:av
cljs$cst$keyword$protocol_DASH_method_DASH_arities_DASH_header_DASH_style:Qu
cljs$cst$keyword$protocol_DASH_method_DASH_arities_DASH_header_DASH_tag:Nn
cljs$cst$keyword$protocol_DASH_method_DASH_arities_DASH_list_DASH_header_DASH_separator:yy
cljs$cst$keyword$protocol_DASH_method_DASH_arities_DASH_more_DASH_symbol:Aq
cljs$cst$keyword$protocol_DASH_method_DASH_arity:Pm
cljs$cst$keyword$protocol_DASH_method_DASH_name_DASH_style:uv
cljs$cst$keyword$protocol_DASH_method_DASH_name_DASH_tag:Xn
cljs$cst$keyword$protocol_DASH_method_DASH_style:cp
cljs$cst$keyword$protocol_DASH_method_DASH_tag:cr
cljs$cst$keyword$protocol_DASH_more_DASH_style:lo
cljs$cst$keyword$protocol_DASH_more_DASH_tag:Ts
cljs$cst$keyword$protocol_DASH_name_DASH_style:ay
cljs$cst$keyword$protocol_DASH_name_DASH_tag:Nq
cljs$cst$keyword$protocol_DASH_ns_DASH_name_DASH_style:yl
cljs$cst$keyword$protocol_DASH_ns_DASH_name_DASH_tag:Fw
cljs$cst$keyword$protocols_DASH_header_DASH_style:ys
cljs$cst$keyword$protocols_DASH_header_DASH_tag:Fo
cljs$cst$keyword$protocols_DASH_icon:gu
cljs$cst$keyword$protocols_DASH_list:En
cljs$cst$keyword$protocols_DASH_list_DASH_close_DASH_symbol:dt
cljs$cst$keyword$protocols_DASH_list_DASH_open_DASH_symbol:Bv
cljs$cst$keyword$queue:ow
cljs$cst$keyword$radix:Dr
cljs$cst$keyword$raw:qt
cljs$cst$keyword$raw_DASH_surrogate:or
cljs$cst$keyword$re_DASH_frame_DASH_path_SLASH_db_DASH_store:ry
cljs$cst$keyword$re_DASH_frame_DOT_std_DASH_interceptors_SLASH_not_DASH_found:Zq
cljs$cst$keyword$re_DASH_frame_DOT_std_DASH_interceptors_SLASH_untrimmed_DASH_event:mw
cljs$cst$keyword$read:Fv
cljs$cst$keyword$readably:Wb
cljs$cst$keyword$reader:Bt
cljs$cst$keyword$reader_DASH_error:Co
cljs$cst$keyword$reader_DASH_exception:tq
cljs$cst$keyword$readers:Dl
cljs$cst$keyword$ready:Ck
cljs$cst$keyword$reagentRender:Hp
cljs$cst$keyword$reagent_DASH_render:It
cljs$cst$keyword$reason:ky
cljs$cst$keyword$reference:zu
cljs$cst$keyword$reference_DASH_surrogate:Wn
cljs$cst$keyword$relative_DASH_to:qv
cljs$cst$keyword$relativize_DASH_url:Mr
cljs$cst$keyword$remaining_DASH_arg_DASH_count:Bq
cljs$cst$keyword$render:Xr
cljs$cst$keyword$render_DASH_bools:Ey
cljs$cst$keyword$render_DASH_functions:ol
cljs$cst$keyword$render_DASH_instances:Kq
cljs$cst$keyword$render_DASH_keywords:bq
cljs$cst$keyword$render_DASH_metas:Lm
cljs$cst$keyword$render_DASH_nils:Lo
cljs$cst$keyword$render_DASH_numbers:Pv
cljs$cst$keyword$render_DASH_strings:Tq
cljs$cst$keyword$render_DASH_symbols:xy
cljs$cst$keyword$render_DASH_types:it
cljs$cst$keyword$request_DASH_received:Sp
cljs$cst$keyword$response:ar
cljs$cst$keyword$response_DASH_format:Fr
cljs$cst$keyword$response_DASH_ready:$x
cljs$cst$keyword$rest:Ur
cljs$cst$keyword$rest_DASH_symbol:ss
cljs$cst$keyword$resume:Ku
cljs$cst$keyword$rhino:Iv
cljs$cst$keyword$right:ap
cljs$cst$keyword$right_DASH_bracket:Qp
cljs$cst$keyword$right_DASH_margin:pn
cljs$cst$keyword$right_DASH_params:go
cljs$cst$keyword$run_DASH_queue:vr
cljs$cst$keyword$running:rp
cljs$cst$keyword$safari:Xm
cljs$cst$keyword$sanity_DASH_hint_DASH_min_DASH_length:Ln
cljs$cst$keyword$scheduled:Hn
cljs$cst$keyword$section:bx
cljs$cst$keyword$sections:at
cljs$cst$keyword$selector:Jw
cljs$cst$keyword$separator:Sq
cljs$cst$keyword$seq:Cn
cljs$cst$keyword$sequential:Rw
cljs$cst$keyword$server_DASH_error:wn
cljs$cst$keyword$set:xn
cljs$cst$keyword$shouldComponentUpdate:Tx
cljs$cst$keyword$slow_DASH_protocol_DASH_style:hw
cljs$cst$keyword$slow_DASH_protocol_DASH_tag:Jq
cljs$cst$keyword$spacer:jm
cljs$cst$keyword$span:Mo
cljs$cst$keyword$stack:Gp
cljs$cst$keyword$standalone_DASH_type:Up
cljs$cst$keyword$standalone_DASH_type_DASH_style:Po
cljs$cst$keyword$standalone_DASH_type_DASH_tag:zx
cljs$cst$keyword$standard_DASH_body:ut
cljs$cst$keyword$standard_DASH_body_DASH_reference:bw
cljs$cst$keyword$standard_DASH_li_DASH_no_DASH_margin_DASH_style:dn
cljs$cst$keyword$standard_DASH_li_DASH_no_DASH_margin_DASH_tag:Ww
cljs$cst$keyword$standard_DASH_li_DASH_style:Zw
cljs$cst$keyword$standard_DASH_li_DASH_tag:Zp
cljs$cst$keyword$standard_DASH_ol_DASH_no_DASH_margin_DASH_style:$m
cljs$cst$keyword$standard_DASH_ol_DASH_no_DASH_margin_DASH_tag:Hq
cljs$cst$keyword$standard_DASH_ol_DASH_style:xx
cljs$cst$keyword$standard_DASH_ol_DASH_tag:vo
cljs$cst$keyword$start:pm
cljs$cst$keyword$start_DASH_block_DASH_t:Ul
cljs$cst$keyword$start_DASH_col:wp
cljs$cst$keyword$start_DASH_pos:ho
cljs$cst$keyword$state:Im
cljs$cst$keyword$status:Ak
cljs$cst$keyword$status_DASH_text:xs
cljs$cst$keyword$strable:du
cljs$cst$keyword$stream:py
cljs$cst$keyword$string:Yl
cljs$cst$keyword$string_DASH_abbreviation_DASH_marker:zs
cljs$cst$keyword$string_DASH_postfix_DASH_limit:fw
cljs$cst$keyword$string_DASH_prefix_DASH_limit:Zl
cljs$cst$keyword$string_DASH_style:Un
cljs$cst$keyword$string_DASH_tag:Wu
cljs$cst$keyword$strip:Iq
cljs$cst$keyword$struct_DOT_core_SLASH_nomsg:kp
cljs$cst$keyword$struct_DOT_core_SLASH_notexists:Ml
cljs$cst$keyword$sub:hx
cljs$cst$keyword$submit:Kl
cljs$cst$keyword$suffix:kx
cljs$cst$keyword$suppress_DASH_namespaces:zp
cljs$cst$keyword$suppress_DASH_preload_DASH_install:Du
cljs$cst$keyword$surrogate:So
cljs$cst$keyword$surrogate_DASH_body:Br
cljs$cst$keyword$surrogate_DASH_header:Ox
cljs$cst$keyword$surrogate_DASH_target:Pp
cljs$cst$keyword$symbol:lu
cljs$cst$keyword$symbol_DASH_style:By
cljs$cst$keyword$symbol_DASH_tag:fo
cljs$cst$keyword$table:vl
cljs$cst$keyword$tag:Hs
cljs$cst$keyword$target:wm
cljs$cst$keyword$td:Mn
cljs$cst$keyword$test:Xs
cljs$cst$keyword$text:rr
cljs$cst$keyword$textarea_DOT_textarea:Fn
cljs$cst$keyword$time:iu
cljs$cst$keyword$timeout:Yr
cljs$cst$keyword$timestamp:Ht
cljs$cst$keyword$tr:Bn
cljs$cst$keyword$trailing_DASH_white_DASH_space:Yn
cljs$cst$keyword$translate:lp
cljs$cst$keyword$trigger:Mt
cljs$cst$keyword$trim_DASH_v:kq
cljs$cst$keyword$type:Bo
cljs$cst$keyword$type_DASH_basis:io
cljs$cst$keyword$type_DASH_basis_DASH_item:yq
cljs$cst$keyword$type_DASH_basis_DASH_item_DASH_separator:er
cljs$cst$keyword$type_DASH_basis_DASH_item_DASH_style:Yw
cljs$cst$keyword$type_DASH_basis_DASH_item_DASH_tag:cq
cljs$cst$keyword$type_DASH_basis_DASH_style:lx
cljs$cst$keyword$type_DASH_basis_DASH_tag:Qm
cljs$cst$keyword$type_DASH_details:ex
cljs$cst$keyword$type_DASH_header_DASH_background:qw
cljs$cst$keyword$type_DASH_header_DASH_style:Lp
cljs$cst$keyword$type_DASH_header_DASH_tag:nn
cljs$cst$keyword$type_DASH_name_DASH_style:$p
cljs$cst$keyword$type_DASH_name_DASH_tag:Pr
cljs$cst$keyword$type_DASH_ref_DASH_style:hs
cljs$cst$keyword$type_DASH_ref_DASH_tag:Km
cljs$cst$keyword$type_DASH_symbol:Jp
cljs$cst$keyword$type_DASH_tag:Fl
cljs$cst$keyword$type_DASH_wrapper_DASH_style:An
cljs$cst$keyword$type_DASH_wrapper_DASH_tag:Xx
cljs$cst$keyword$ua_DASH_product:nu
cljs$cst$keyword$ul_DOT_messages:oq
cljs$cst$keyword$unnamed:zo
cljs$cst$keyword$up_DASH_arrow:Jx
cljs$cst$keyword$uri:Lv
cljs$cst$keyword$url_DASH_params:ro
cljs$cst$keyword$val:wk
cljs$cst$keyword$validate:os
cljs$cst$keyword$validator:Vq
cljs$cst$keyword$value:wu
cljs$cst$keyword$vec_DASH_strategy:Ko
cljs$cst$keyword$vector:Nu
cljs$cst$keyword$version:nm
cljs$cst$keyword$w:qu
cljs$cst$keyword$warn:pw
cljs$cst$keyword$well_DASH_known_DASH_types:ew
cljs$cst$keyword$with_DASH_credentials:Fp
cljs$cst$keyword$write:us
cljs$cst$keyword$writer:nr
cljs$cst$keyword$writing:vp
cljs$cst$keyword$yield:Qx
cljs$cst$symbol$Inf:Lw
cljs$cst$symbol$NaN:fy
cljs$cst$symbol$_AMPERSAND_:Np
cljs$cst$symbol$_DASH_Inf:Rp
cljs$cst$symbol$_DASH__GT_:js
cljs$cst$symbol$_DOT_:Aw
cljs$cst$symbol$_DOT__DOT_:dr
cljs$cst$symbol$_SLASH_:an
cljs$cst$symbol$binding:vw
cljs$cst$symbol$capped:jv
cljs$cst$symbol$case_STAR_:Lr
cljs$cst$symbol$catch:vs
cljs$cst$symbol$cljs_DOT_core:tl
cljs$cst$symbol$cljs_DOT_core_SLASH_deref:sm
cljs$cst$symbol$cljs_DOT_core_SLASH_lift_DASH_ns:cu
cljs$cst$symbol$cljs_DOT_core_SLASH_unquote:Rm
cljs$cst$symbol$clojure_DOT_core_SLASH_deref:fq
cljs$cst$symbol$clojure_DOT_core_SLASH_unquote:lv
cljs$cst$symbol$cond:Rv
cljs$cst$symbol$condp:gy
cljs$cst$symbol$def:Fq
cljs$cst$symbol$defmacro:Ay
cljs$cst$symbol$defn:Ks
cljs$cst$symbol$defn_DASH_:nx
cljs$cst$symbol$defonce:Yq
cljs$cst$symbol$defrecord_STAR_:xl
cljs$cst$symbol$deftype_STAR_:wy
cljs$cst$symbol$do:et
cljs$cst$symbol$doseq:rv
cljs$cst$symbol$dotimes:Vm
cljs$cst$symbol$fields:xu
cljs$cst$symbol$finally:cn
cljs$cst$symbol$fn:su
cljs$cst$symbol$fn_STAR_:fm
cljs$cst$symbol$guestbook_DOT_core:Gn
cljs$cst$symbol$guestbook_DOT_core_SLASH_home:Cv
cljs$cst$symbol$home:Hr
cljs$cst$symbol$if:Ut
cljs$cst$symbol$if_DASH_let:dy
cljs$cst$symbol$if_DASH_not:Jm
cljs$cst$symbol$inst:jw
cljs$cst$symbol$js:dv
cljs$cst$symbol$js_STAR_:ms
cljs$cst$symbol$last_DASH_was_DASH_whitespace_QMARK_:xo
cljs$cst$symbol$lb:mv
cljs$cst$symbol$let:Jt
cljs$cst$symbol$let_STAR_:qo
cljs$cst$symbol$letfn_STAR_:ao
cljs$cst$symbol$lift_DASH_ns:Bu
cljs$cst$symbol$locking:tn
cljs$cst$symbol$loop:Gw
cljs$cst$symbol$loop_STAR_:Wt
cljs$cst$symbol$m:Jo
cljs$cst$symbol$max_DASH_columns:Qo
cljs$cst$symbol$meta40494:Ag
cljs$cst$symbol$meta42723:Lt
cljs$cst$symbol$meta43461:Op
cljs$cst$symbol$meta44065:es
cljs$cst$symbol$meta44072:qs
cljs$cst$symbol$meta44083:Gs
cljs$cst$symbol$meta44102:wq
cljs$cst$symbol$miser_DASH_width:mq
cljs$cst$symbol$new:Vs
cljs$cst$symbol$ns:Ju
cljs$cst$symbol$ns_STAR_:Nl
cljs$cst$symbol$queue:wr
cljs$cst$symbol$quote:bu
cljs$cst$symbol$recur:Io
cljs$cst$symbol$set_BANG_:Cp
cljs$cst$symbol$struct:Ms
cljs$cst$symbol$struct_DASH_map:Sr
cljs$cst$symbol$throw:At
cljs$cst$symbol$try:xt
cljs$cst$symbol$uuid:tr
cljs$cst$symbol$var:Hv
cljs$cst$symbol$when:fp
cljs$cst$symbol$when_DASH_first:Do
cljs$cst$symbol$when_DASH_let:cw
cljs$cst$symbol$when_DASH_not:yx
cljs$cst$symbol$with_DASH_local_DASH_vars:vt
cljs$cst$symbol$with_DASH_open:Em
cljs$cst$symbol$writer:Ru
cljs$pprint:fA
cljs$pprint$_STAR_code_table_STAR_:rD
cljs$pprint$_STAR_current_length_STAR_:hB
cljs$pprint$_STAR_current_level_STAR_:gB
cljs$pprint$_STAR_format_str_STAR_:vB
cljs$pprint$_STAR_print_base_STAR_:fB
cljs$pprint$_STAR_print_circle_STAR_:cB
cljs$pprint$_STAR_print_lines_STAR_:bB
cljs$pprint$_STAR_print_miser_width_STAR_:XA
cljs$pprint$_STAR_print_pprint_dispatch_STAR_:aB
cljs$pprint$_STAR_print_pretty_STAR_:$A
cljs$pprint$_STAR_print_radix_STAR_:eB
cljs$pprint$_STAR_print_right_margin_STAR_:WA
cljs$pprint$_STAR_print_suppress_namespaces_STAR_:dB
cljs$pprint$_STAR_symbol_map_STAR_:qD
cljs$pprint$_ppflush:uA
cljs$pprint$abort_QMARK_:aC
cljs$pprint$absolute_reposition:AB
cljs$pprint$add_english_scales:SB
cljs$pprint$add_to_buffer:SA
cljs$pprint$ancestor_QMARK_:AA
cljs$pprint$arg_navigator:xB
cljs$pprint$base_str:HB
cljs$pprint$boolean_conditional:lC
cljs$pprint$brackets:gD
cljs$pprint$buffer_blob:BA
cljs$pprint$c_write_char:xA
cljs$pprint$cached_compile:QC
cljs$pprint$capitalize_string:wC
cljs$pprint$capitalize_word_writer:xC
cljs$pprint$char_code:pA
cljs$pprint$check_arg_conditional:mC
cljs$pprint$check_enumerated_arg:mB
cljs$pprint$check_flags:IC
cljs$pprint$choice_conditional:kC
cljs$pprint$cl_format$cljs$0core$0IFn$0_invoke$0arity$0variadic:qB
cljs$pprint$code_dispatch:sD
cljs$pprint$collect_clauses:NC
cljs$pprint$column_writer$cljs$0core$0IFn$0_invoke$0arity$02:yA
cljs$pprint$compile_directive:KC
cljs$pprint$compile_format:rB
cljs$pprint$compile_raw_string:LC
cljs$pprint$compiled_directive:CB
cljs$pprint$conditional_newline:AC
cljs$pprint$consume:rA
cljs$pprint$directive_table:BC
cljs$pprint$dollar_float:jC
cljs$pprint$downcase_writer:uC
cljs$pprint$emit_nl:HA
cljs$pprint$emit_nl_QMARK_:MA
cljs$pprint$end_block:ZA
cljs$pprint$end_block_t:EA
cljs$pprint$english_cardinal_tens:OB
cljs$pprint$english_cardinal_units:MB
cljs$pprint$english_ordinal_tens:PB
cljs$pprint$english_ordinal_units:NB
cljs$pprint$english_scale_numbers:QB
cljs$pprint$execute_format$cljs$0core$0IFn$0_invoke$0arity$02:uB
cljs$pprint$execute_sub_format:bC
cljs$pprint$exponential_float:hC
cljs$pprint$extract_flags:HC
cljs$pprint$extract_param:EC
cljs$pprint$fixed_float:gC
cljs$pprint$flag_defs:GC
cljs$pprint$float_parts:cC
cljs$pprint$format_ascii:IB
cljs$pprint$format_error:wB
cljs$pprint$format_integer:LB
cljs$pprint$format_roman:WB
cljs$pprint$format_simple_cardinal:RB
cljs$pprint$format_simple_number:GB
cljs$pprint$format_simple_ordinal:TB
cljs$pprint$general_float:iC
cljs$pprint$get_field:vA
cljs$pprint$get_fixed:eC
cljs$pprint$get_format_arg:zB
cljs$pprint$get_section:NA
cljs$pprint$get_sub_section:OA
cljs$pprint$group_by_STAR_:KB
cljs$pprint$indent_t:FA
cljs$pprint$init_cap_writer:yC
cljs$pprint$init_navigator:sB
cljs$pprint$insert_scaled_decimal:fC
cljs$pprint$iterate_list_of_sublists:oC
cljs$pprint$iterate_main_list:pC
cljs$pprint$iterate_main_sublists:qC
cljs$pprint$iterate_sublist:nC
cljs$pprint$justify_clauses:sC
cljs$pprint$level_exceeded:nB
cljs$pprint$linear_nl_QMARK_:KA
cljs$pprint$logical_block:zA
cljs$pprint$logical_block_or_justify:rC
cljs$pprint$map_params:JC
cljs$pprint$map_passing_context:qA
cljs$pprint$map_ref_type:YC
cljs$pprint$miser_nl_QMARK_:LA
cljs$pprint$multi_defn:kD
cljs$pprint$needs_pretty:tB
cljs$pprint$new_roman_table:VB
cljs$pprint$next_arg:yB
cljs$pprint$nl_t:CA
cljs$pprint$old_roman_table:UB
cljs$pprint$param_pattern:CC
cljs$pprint$plain_character:$B
cljs$pprint$pprint:lB
cljs$pprint$pprint_binding_form:nD
cljs$pprint$pprint_defn:lD
cljs$pprint$pprint_hold_first:iD
cljs$pprint$pprint_if:pD
cljs$pprint$pprint_indent:pB
cljs$pprint$pprint_let:oD
cljs$pprint$pprint_map:UC
cljs$pprint$pprint_newline:oB
cljs$pprint$pprint_ns_reference:hD
cljs$pprint$pprint_pqueue:ZC
cljs$pprint$pprint_reader_macro:SC
cljs$pprint$pprint_set:WC
cljs$pprint$pprint_simple_code_list:mD
cljs$pprint$pprint_simple_default:VC
cljs$pprint$pprint_vector:TC
cljs$pprint$pr:nA
cljs$pprint$pretty_character:YB
cljs$pprint$pretty_writer:VA
cljs$pprint$pretty_writer_QMARK_:iB
cljs$pprint$print:mA
cljs$pprint$prn:oA
cljs$pprint$process_bracket:MC
cljs$pprint$process_clause:OC
cljs$pprint$process_nesting:PC
cljs$pprint$readable_character:ZB
cljs$pprint$reader_macros:RC
cljs$pprint$realize_parameter:DB
cljs$pprint$realize_parameter_list:EB
cljs$pprint$relative_reposition:BB
cljs$pprint$remainders:JB
cljs$pprint$render_clauses:tC
cljs$pprint$round_str:dC
cljs$pprint$set_field:wA
cljs$pprint$set_indent:zC
cljs$pprint$simple_dispatch:aD
cljs$pprint$single_defn:jD
cljs$pprint$special_chars:XB
cljs$pprint$special_params:DC
cljs$pprint$special_radix_markers:FB
cljs$pprint$split_at_newline:PA
cljs$pprint$start_block:YA
cljs$pprint$start_block_t:DA
cljs$pprint$t_cljs$0pprint42722:gA
cljs$pprint$t_cljs$0pprint43460:hA
cljs$pprint$t_cljs$0pprint44064:iA
cljs$pprint$t_cljs$0pprint44071:jA
cljs$pprint$t_cljs$0pprint44082:kA
cljs$pprint$t_cljs$0pprint44101:lA
cljs$pprint$tokens_fit_QMARK_:JA
cljs$pprint$translate_param:FC
cljs$pprint$tuple_map:tA
cljs$pprint$type_dispatcher:$C
cljs$pprint$type_map:XC
cljs$pprint$unzip_map:sA
cljs$pprint$upcase_writer:vC
cljs$pprint$write:kB
cljs$pprint$write_initial_lines:UA
cljs$pprint$write_line:RA
cljs$pprint$write_out:jB
cljs$pprint$write_token:GA
cljs$pprint$write_token_string:QA
cljs$pprint$write_tokens:IA
cljs$pprint$write_white_space:TA
cljs$reader$_STAR_default_data_reader_fn_STAR_:DP
cljs$reader$_STAR_tag_table_STAR_:EP
cljs$reader$check:BP
cljs$reader$days_in_month:yP
cljs$reader$parse_and_validate_timestamp:CP
cljs$reader$parse_int:AP
cljs$reader$timestamp_regex:zP
cljs$stacktrace:hz
cljs$stacktrace$firefox_clean_function:mz
cljs$stacktrace$parse_file:lz
cljs$stacktrace$parse_file_line_column:kz
cljs$stacktrace$parse_stacktrace:iz
cljs$tools:YN
cljs$tools$reader:ZN
cljs$tools$reader$NO_MATCH:VO
cljs$tools$reader$READ_EOF:TO
cljs$tools$reader$READ_FINISHED:UO
cljs$tools$reader$edn$dispatch_macros:aP
cljs$tools$reader$edn$escape_char:oP
cljs$tools$reader$edn$macro_terminating_QMARK_:WO
cljs$tools$reader$edn$macros:XO
cljs$tools$reader$edn$not_constituent_QMARK_:YO
cljs$tools$reader$edn$read:jP
cljs$tools$reader$edn$read$cljs$0core$0IFn$0_invoke$0arity$02:xP
cljs$tools$reader$edn$read$cljs$0core$0IFn$0_invoke$0arity$04:iP
cljs$tools$reader$edn$read_char_STAR_:fP
cljs$tools$reader$edn$read_delimited:hP
cljs$tools$reader$edn$read_discard:uP
cljs$tools$reader$edn$read_dispatch:$O
cljs$tools$reader$edn$read_keyword:rP
cljs$tools$reader$edn$read_list:kP
cljs$tools$reader$edn$read_map:mP
cljs$tools$reader$edn$read_meta:sP
cljs$tools$reader$edn$read_namespaced_map:vP
cljs$tools$reader$edn$read_number:nP
cljs$tools$reader$edn$read_set:tP
cljs$tools$reader$edn$read_string_STAR_:pP
cljs$tools$reader$edn$read_symbol:qP
cljs$tools$reader$edn$read_symbolic_value:wP
cljs$tools$reader$edn$read_tagged:bP
cljs$tools$reader$edn$read_token$cljs$0core$0IFn$0_invoke$0arity$04:ZO
cljs$tools$reader$edn$read_unicode_char$cljs$0core$0IFn$0_invoke$0arity$04:dP
cljs$tools$reader$edn$read_unicode_char$cljs$0core$0IFn$0_invoke$0arity$05:eP
cljs$tools$reader$edn$read_unmatched_delimiter:cP
cljs$tools$reader$edn$read_vector:lP
cljs$tools$reader$edn$starting_line_col_info:gP
cljs$tools$reader$impl:$N
cljs$tools$reader$impl$commons$float_pattern:NO
cljs$tools$reader$impl$commons$int_pattern:LO
cljs$tools$reader$impl$commons$match_number:PO
cljs$tools$reader$impl$commons$matches_QMARK_:OO
cljs$tools$reader$impl$commons$parse_symbol:QO
cljs$tools$reader$impl$commons$ratio_pattern:MO
cljs$tools$reader$impl$commons$read_comment:RO
cljs$tools$reader$impl$commons$read_past:KO
cljs$tools$reader$impl$commons$throwing_reader:SO
cljs$tools$reader$impl$errors$duplicate_keys_error:IO
cljs$tools$reader$impl$errors$eof_error$cljs$0core$0IFn$0_invoke$0arity$0variadic:BO
cljs$tools$reader$impl$errors$illegal_arg_error$cljs$0core$0IFn$0_invoke$0arity$0variadic:AO
cljs$tools$reader$impl$errors$reader_error$cljs$0core$0IFn$0_invoke$0arity$0variadic:zO
cljs$tools$reader$impl$errors$throw_bad_char:EO
cljs$tools$reader$impl$errors$throw_bad_octal_number:HO
cljs$tools$reader$impl$errors$throw_dup_keys:JO
cljs$tools$reader$impl$errors$throw_eof_reading$cljs$0core$0IFn$0_invoke$0arity$0variadic:FO
cljs$tools$reader$impl$errors$throw_ex$cljs$0core$0IFn$0_invoke$0arity$0variadic:yO
cljs$tools$reader$impl$errors$throw_invalid:DO
cljs$tools$reader$impl$errors$throw_invalid_unicode_digit:GO
cljs$tools$reader$impl$errors$throw_odd_map:CO
cljs$tools$reader$impl$inspect:oO
cljs$tools$reader$impl$inspect$dispatch_inspect:rO
cljs$tools$reader$impl$inspect$inspect$cljs$0core$0IFn$0_invoke$0arity$01:xO
cljs$tools$reader$impl$inspect$inspect_STAR_:qO
cljs$tools$reader$impl$inspect$inspect_STAR__col:pO
cljs$tools$reader$impl$utils$char_code:eO
cljs$tools$reader$impl$utils$namespace_keys:dO
cljs$tools$reader$impl$utils$numeric_QMARK_:cO
cljs$tools$reader$impl$utils$whitespace_QMARK_:bO
cljs$tools$reader$impl$utils$ws_rx:aO
cljs$tools$reader$reader_types$PushbackReader:mO
cljs$tools$reader$reader_types$StringReader:lO
cljs$tools$reader$reader_types$get_column_number:jO
cljs$tools$reader$reader_types$get_file_name:kO
cljs$tools$reader$reader_types$get_line_number:iO
cljs$tools$reader$reader_types$indexing_reader_QMARK_:nO
cljs$tools$reader$reader_types$peek_char:gO
cljs$tools$reader$reader_types$read_char:fO
cljs$tools$reader$reader_types$unread:hO
clojure$data$atom_diff:Iz
clojure$data$diff:Lz
clojure$data$diff_associative:Mz
clojure$data$diff_associative_key:Kz
clojure$data$diff_sequential:Nz
clojure$data$diff_set:Oz
clojure$data$diff_similar:Qz
clojure$data$equality_partition:Pz
clojure$data$vectorize:Jz
clojure$set$bubble_max_key:Ez
clojure$set$difference:Hz
clojure$set$intersection:Gz
clojure$set$union$cljs$0core$0IFn$0_invoke$0arity$02:Fz
clojure$string$blank_QMARK_:gz
clojure$string$join$cljs$0core$0IFn$0_invoke$0arity$01:cz
clojure$string$join$cljs$0core$0IFn$0_invoke$0arity$02:Ny
clojure$string$replace:Ly
clojure$string$replace_all:Jy
clojure$string$replace_with:Ky
clojure$string$split$cljs$0core$0IFn$0_invoke$0arity$02:ez
clojure$string$split$cljs$0core$0IFn$0_invoke$0arity$03:Qy
clojure$string$split_with_empty_regex:dz
clojure$string$trim:fz
cognitect$transit$KeywordHandler:WK
cognitect$transit$ListHandler:YK
cognitect$transit$MapBuilder:TK
cognitect$transit$MapHandler:ZK
cognitect$transit$SetHandler:$K
cognitect$transit$SymbolHandler:XK
cognitect$transit$UUIDHandler:bL
cognitect$transit$VectorBuilder:UK
cognitect$transit$VectorHandler:aL
cognitect$transit$WithMeta:cL
cognitect$transit$WithMetaHandler:dL
cognitect$transit$opts_merge:SK
cognitect$transit$reader$cljs$0core$0IFn$0_invoke$0arity$02:VK
cognitect$transit$writer$cljs$0core$0IFn$0_invoke$0arity$02:eL
com$cognitect$transit$caching$ReadCache:zJ
com$cognitect$transit$caching$WriteCache:yJ
com$cognitect$transit$caching$idxToCode:xJ
com$cognitect$transit$caching$isCacheable:wJ
com$cognitect$transit$eq$equals:BJ
com$cognitect$transit$eq$hashArrayLike:HJ
com$cognitect$transit$eq$hashCode:GJ
com$cognitect$transit$eq$hashCodeCounter:AJ
com$cognitect$transit$eq$hashCombine:CJ
com$cognitect$transit$eq$hashMapLike:FJ
com$cognitect$transit$eq$stringCodeCache:DJ
com$cognitect$transit$eq$stringCodeCacheSize:EJ
com$cognitect$transit$handlers$ArrayHandler:sK
com$cognitect$transit$handlers$BooleanHandler:rK
com$cognitect$transit$handlers$BufferHandler:DK
com$cognitect$transit$handlers$DateHandler:vK
com$cognitect$transit$handlers$Handlers:FK
com$cognitect$transit$handlers$IntegerHandler:qK
com$cognitect$transit$handlers$KeywordHandler:xK
com$cognitect$transit$handlers$MapHandler:tK
com$cognitect$transit$handlers$NilHandler:nK
com$cognitect$transit$handlers$NumberHandler:pK
com$cognitect$transit$handlers$StringHandler:oK
com$cognitect$transit$handlers$SymbolHandler:yK
com$cognitect$transit$handlers$TaggedHandler:zK
com$cognitect$transit$handlers$TransitArrayMapHandler:BK
com$cognitect$transit$handlers$TransitMapHandler:CK
com$cognitect$transit$handlers$TransitSetHandler:AK
com$cognitect$transit$handlers$UUIDHandler:wK
com$cognitect$transit$handlers$Uint8ArrayHandler:EK
com$cognitect$transit$handlers$VerboseDateHandler:uK
com$cognitect$transit$handlers$ctorGuid:iK
com$cognitect$transit$handlers$ctorGuidProperty:kK
com$cognitect$transit$handlers$padZeros:mK
com$cognitect$transit$handlers$typeTag:lK
com$cognitect$transit$impl$decoder$Decoder:dK
com$cognitect$transit$impl$decoder$Tag:cK
com$cognitect$transit$impl$reader$JSONUnmarshaller:gK
com$cognitect$transit$impl$reader$Reader:hK
com$cognitect$transit$impl$writer$JSONMarshaller:GK
com$cognitect$transit$impl$writer$Writer:PK
com$cognitect$transit$impl$writer$emitMap:NK
com$cognitect$transit$impl$writer$emitObjects:IK
com$cognitect$transit$impl$writer$isForeignObject:MK
com$cognitect$transit$impl$writer$isStringableKey:KK
com$cognitect$transit$impl$writer$marshal:JK
com$cognitect$transit$impl$writer$maybeQuoted:OK
com$cognitect$transit$impl$writer$stringableKeys:LK
com$cognitect$transit$reader:QK
com$cognitect$transit$types$ITERATOR:IJ
com$cognitect$transit$types$Keyword:NJ
com$cognitect$transit$types$MAX_INT:LJ
com$cognitect$transit$types$MIN_INT:MJ
com$cognitect$transit$types$Symbol:OJ
com$cognitect$transit$types$TaggedValue:JJ
com$cognitect$transit$types$TransitArrayMap:VJ
com$cognitect$transit$types$TransitArrayMapIterator:RJ
com$cognitect$transit$types$TransitMap:UJ
com$cognitect$transit$types$TransitMapIterator:SJ
com$cognitect$transit$types$TransitSet:aK
com$cognitect$transit$types$UUID:QJ
com$cognitect$transit$types$hexFor:PJ
com$cognitect$transit$types$map:$J
com$cognitect$transit$types$mapEquals:TJ
com$cognitect$transit$types$print:WJ
com$cognitect$transit$types$printMap:XJ
com$cognitect$transit$types$printSet:YJ
com$cognitect$transit$types$set:bK
com$cognitect$transit$types$taggedValue:KJ
com$cognitect$transit$util$isArray:uJ
com$cognitect$transit$util$objectKeys:tJ
com$cognitect$transit$util$randHex:vJ
com$cognitect$transit$writer:RK
count__44777$jscomp$inline_2985:GQ
count__47806_47934$jscomp$inline_2942:SQ
cuerdas$core$format:JP
cuerdas$core$indexed_format:IP
cuerdas$core$interpolate_format:HP
cuerdas$core$replace:GP
cuerdas$core$replace_all:FP
cur$jscomp$inline_2701:nQ
devtools$async$_STAR_installed_STAR_:vO
devtools$async$available_QMARK_:sO
devtools$async$get_not_needed_message:uO
devtools$async$needed_QMARK_:tO
devtools$async$promise_based_set_immediate:TP
devtools$async$rethrow_outside_promise:wO
devtools$context$get_console:bz
devtools$context$get_root:az
devtools$core$is_feature_available_QMARK_:dE
devtools$defaults$config:Ty
devtools$defaults$default_features:Ry
devtools$defaults$feature_groups:Sy
devtools$defaults$known_features:Py
devtools$format$IDevtoolsFormat:eE
devtools$format$_body:hE
devtools$format$_has_body:gE
devtools$format$_header:fE
devtools$formatters$CLJSDevtoolsFormatter:UN
devtools$formatters$_STAR_installed_STAR_:YM
devtools$formatters$available_QMARK_:lN
devtools$formatters$budgeting$determine_depth:TG
devtools$formatters$budgeting$distribute_budget_BANG_:WG
devtools$formatters$budgeting$has_any_object_reference_QMARK_:VG
devtools$formatters$budgeting$over_budget_values:SG
devtools$formatters$build_cljs_formatter:XN
devtools$formatters$core$body_api_call:XM
devtools$formatters$core$build_api_call:$G
devtools$formatters$core$config_wrapper:XG
devtools$formatters$core$has_body_api_call:HL
devtools$formatters$core$header_api_call:jK
devtools$formatters$core$want_value_QMARK_:YG
devtools$formatters$core$wrap_with_exception_guard:ZG
devtools$formatters$helpers$abbreviate_long_string:dF
devtools$formatters$helpers$abbreviated_QMARK_:cF
devtools$formatters$helpers$bool_QMARK_:$E
devtools$formatters$helpers$cljs_function_QMARK_:WE
devtools$formatters$helpers$cljs_instance_QMARK_:ZE
devtools$formatters$helpers$cljs_type_QMARK_:YE
devtools$formatters$helpers$fetch_field_value:gF
devtools$formatters$helpers$fetch_fields_values:hF
devtools$formatters$helpers$get_more_marker:eF
devtools$formatters$helpers$has_formatting_protocol_QMARK_:XE
devtools$formatters$helpers$instance_of_a_well_known_type_QMARK_:aF
devtools$formatters$helpers$pref:VE
devtools$formatters$helpers$should_render_QMARK_:iF
devtools$formatters$helpers$should_render_instance_QMARK_:bF
devtools$formatters$helpers$wrap_arity:fF
devtools$formatters$markup$_LT_aligned_body_GT_:hG
devtools$formatters$markup$_LT_arities_GT_:tG
devtools$formatters$markup$_LT_atomic_GT_:RG
devtools$formatters$markup$_LT_body_GT_:gG
devtools$formatters$markup$_LT_bool_GT_:aG
devtools$formatters$markup$_LT_circular_reference_GT_:WF
devtools$formatters$markup$_LT_cljs_land_GT_:ZF
devtools$formatters$markup$_LT_details_GT_:nG
devtools$formatters$markup$_LT_expandable_GT_:RF
devtools$formatters$markup$_LT_field_GT_:IG
devtools$formatters$markup$_LT_fields_GT_:KG
devtools$formatters$markup$_LT_fields_details_GT_:LG
devtools$formatters$markup$_LT_fields_details_row_GT_:JG
devtools$formatters$markup$_LT_function_GT_:uG
devtools$formatters$markup$_LT_function_details_GT_:sG
devtools$formatters$markup$_LT_header_GT_:NG
devtools$formatters$markup$_LT_header_expander_GT_:YF
devtools$formatters$markup$_LT_index_GT_:kG
devtools$formatters$markup$_LT_instance_GT_:MG
devtools$formatters$markup$_LT_keyword_GT_:bG
devtools$formatters$markup$_LT_list_GT_:pG
devtools$formatters$markup$_LT_list_details_GT_:oG
devtools$formatters$markup$_LT_meta_GT_:qG
devtools$formatters$markup$_LT_meta_wrapper_GT_:rG
devtools$formatters$markup$_LT_more_protocols_GT_:GG
devtools$formatters$markup$_LT_native_reference_GT_:XF
devtools$formatters$markup$_LT_nil_GT_:$F
devtools$formatters$markup$_LT_number_GT_:dG
devtools$formatters$markup$_LT_preview_GT_:fG
devtools$formatters$markup$_LT_protocol_GT_:FG
devtools$formatters$markup$_LT_protocol_details_GT_:EG
devtools$formatters$markup$_LT_protocol_method_GT_:DG
devtools$formatters$markup$_LT_protocol_method_arities_GT_:CG
devtools$formatters$markup$_LT_protocol_method_arities_details_GT_:BG
devtools$formatters$markup$_LT_protocol_method_arity_GT_:AG
devtools$formatters$markup$_LT_protocols_list_GT_:HG
devtools$formatters$markup$_LT_raw_surrogate_GT_:SF
devtools$formatters$markup$_LT_reference_GT_:UF
devtools$formatters$markup$_LT_reference_surrogate_GT_:VF
devtools$formatters$markup$_LT_standalone_type_GT_:zG
devtools$formatters$markup$_LT_standard_body_GT_:iG
devtools$formatters$markup$_LT_standard_body_reference_GT_:jG
devtools$formatters$markup$_LT_string_GT_:eG
devtools$formatters$markup$_LT_surrogate_GT_:TF
devtools$formatters$markup$_LT_surrogate_body_GT_:QG
devtools$formatters$markup$_LT_surrogate_header_GT_:OG
devtools$formatters$markup$_LT_surrogate_target_GT_:PG
devtools$formatters$markup$_LT_symbol_GT_:cG
devtools$formatters$markup$_LT_type_GT_:yG
devtools$formatters$markup$_LT_type_basis_GT_:wG
devtools$formatters$markup$_LT_type_basis_item_GT_:vG
devtools$formatters$markup$_LT_type_details_GT_:xG
devtools$formatters$markup$_STAR_markup_db_STAR_:MF
devtools$formatters$markup$body_line:lG
devtools$formatters$markup$body_lines:mG
devtools$formatters$markup$get_markup_db:OF
devtools$formatters$markup$print_via_protocol:QF
devtools$formatters$markup$print_via_writer$cljs$0core$0IFn$0_invoke$0arity$0variadic:PF
devtools$formatters$markup$print_with$cljs$0core$0IFn$0_invoke$0arity$0variadic:NF
devtools$formatters$monitor_api_calls:VN
devtools$formatters$printing$TemplateWriter:EF
devtools$formatters$printing$alt_printer_impl:IF
devtools$formatters$printing$alt_printer_job:HF
devtools$formatters$printing$build_markup:CF
devtools$formatters$printing$managed_print:JF
devtools$formatters$printing$managed_print_via_protocol:LF
devtools$formatters$printing$managed_print_via_writer:KF
devtools$formatters$printing$post_process_printed_output:GF
devtools$formatters$printing$wrap_group_in_meta_if_needed:FF
devtools$formatters$printing$wrap_value_as_reference_if_needed:DF
devtools$formatters$sanitize:WN
devtools$formatters$state$_STAR_current_state_STAR_:jF
devtools$formatters$state$is_circular_QMARK_:lF
devtools$formatters$state$reset_depth_limits:oF
devtools$formatters$state$set_depth_budget:nF
devtools$formatters$state$set_managed_print_level:mF
devtools$formatters$state$update_current_state_BANG_:kF
devtools$formatters$templating$_STAR_current_render_path_STAR_:wF
devtools$formatters$templating$_STAR_current_render_stack_STAR_:vF
devtools$formatters$templating$assert_failed_markup_rendering:AF
devtools$formatters$templating$emptyish_QMARK_:yF
devtools$formatters$templating$make_reference:uF
devtools$formatters$templating$make_surrogate:tF
devtools$formatters$templating$make_template:sF
devtools$formatters$templating$mark_as_group_BANG_:pF
devtools$formatters$templating$mark_as_template_BANG_:qF
devtools$formatters$templating$print_preview:xF
devtools$formatters$templating$render_json_ml_STAR_:zF
devtools$formatters$templating$render_markup:BF
devtools$formatters$templating$surrogate_QMARK_:rF
devtools$hints$_STAR_installed_STAR_:oz
devtools$hints$_STAR_original_global_error_handler_STAR_:vz
devtools$hints$_STAR_original_type_error_prototype_to_string_STAR_:yz
devtools$hints$ajax_reader:Az
devtools$hints$available_QMARK_:nz
devtools$hints$error_object_sense:Dz
devtools$hints$extend_content:Cz
devtools$hints$global_error_handler:Rz
devtools$hints$install_type_error_enhancer:Sz
devtools$hints$processed_errors:zz
devtools$munging$args_lists_to_strings:LE
devtools$munging$arities_key_comparator:JE
devtools$munging$arities_to_args_lists_STAR_:KE
devtools$munging$char_to_subscript:sE
devtools$munging$cljs_fn_name_QMARK_:tE
devtools$munging$collect_fn_arities:FE
devtools$munging$collect_protocol_methods:UE
devtools$munging$convert_to_protocol_descriptor:SE
devtools$munging$demunge_protocol_selector:PE
devtools$munging$detect_namespace_prefix$cljs$0core$0IFn$0_invoke$0arity$0variadic:AE
devtools$munging$dollar_preserving_demunge:vE
devtools$munging$fast_path_protocols_lookup_table:QE
devtools$munging$get_fn_source_safely:rE
devtools$munging$get_global_scope:qE
devtools$munging$get_protocol_object:NE
devtools$munging$get_protocol_selector:OE
devtools$munging$humanize_name:GE
devtools$munging$humanize_names:HE
devtools$munging$normalize_arity:BE
devtools$munging$ns_exists_QMARK_:zE
devtools$munging$parse_constructor_info:ME
devtools$munging$parse_fn_info:DE
devtools$munging$parse_fn_info_deep:EE
devtools$munging$parse_fn_source:uE
devtools$munging$proper_arg_demunge:yE
devtools$munging$proper_demunge:xE
devtools$munging$protocol_descriptors_comparator:TE
devtools$munging$revert_reserved:wE
devtools$munging$review_arity:IE
devtools$munging$scan_fast_path_protocols_partition:RE
devtools$munging$strip_arity:CE
devtools$prefs$_STAR_current_config_STAR_:Yy
devtools$prefs$default_config:Uy
devtools$prefs$env_config:Wy
devtools$prefs$external_config:Vy
devtools$prefs$get_prefs:Zy
devtools$prefs$initial_config:Xy
devtools$prefs$pref:$y
devtools$protocols$IFormat:lE
devtools$protocols$IGroup:jE
devtools$protocols$ISurrogate:kE
devtools$protocols$ITemplate:iE
devtools$protocols$_body:oE
devtools$protocols$_has_body:nE
devtools$protocols$_header:mE
devtools$reporter$report_internal_error_BANG_$cljs$0core$0IFn$0_invoke$0arity$0variadic:pE
devtools$util$CustomFormattersDetector:OD
devtools$util$_STAR_console_open_STAR_:zD
devtools$util$_STAR_custom_formatters_active_STAR_:yD
devtools$util$_STAR_custom_formatters_warning_reported_STAR_:AD
devtools$util$check_custom_formatters_active_BANG_:RD
devtools$util$convert_legacy_feature:aE
devtools$util$custom_formatters_not_active_msg:LD
devtools$util$display_banner_BANG_$cljs$0core$0IFn$0_invoke$0arity$0variadic:XD
devtools$util$feature_for_display:VD
devtools$util$feature_list_display:WD
devtools$util$feature_not_available_msg:KD
devtools$util$get_formatters_safe:MD
devtools$util$get_js_context_description:ID
devtools$util$get_lib_info:ED
devtools$util$get_node_description:GD
devtools$util$get_node_info:FD
devtools$util$in_node_context_QMARK_:HD
devtools$util$install_feature_BANG_:bE
devtools$util$is_known_feature_QMARK_:$D
devtools$util$make_detection_printer:TD
devtools$util$make_detector:PD
devtools$util$make_lib_info:DD
devtools$util$make_version_info:CD
devtools$util$pprint_str:BD
devtools$util$set_formatters_safe_BANG_:ND
devtools$util$uninstall_detector_BANG_:QD
devtools$util$uninstall_detector_and_check_custom_formatters_active_BANG_:SD
devtools$util$unknown_feature_msg:JD
devtools$util$wrap_with_custom_formatter_detection_BANG_:UD
diff$jscomp$inline_2938:PQ
doc$jscomp$inline_934:eA
docMode$jscomp$inline_932:cA
feature$jscomp$inline_2987:IQ
feature_groups$jscomp$inline_2930:xQ
feature_groups$jscomp$inline_2936:ZD
features$jscomp$inline_2748:cE
features$jscomp$inline_2978:AQ
features__$1$jscomp$inline_2981:CQ
features_desc$jscomp$inline_2747:uQ
features_to_install$jscomp$inline_2935:YD
goog:ba
goog$Disposable:FL
goog$Disposable$MonitoringMode$OFF:GL
goog$Timer$callOnce:mM
goog$UID_PROPERTY_:ra
goog$array$defaultCompare:Ab
goog$array$find:wb
goog$array$forEach:vb
goog$array$indexOf:ub
goog$array$sort:zb
goog$array$stableSort:Bb
goog$array$toArray:yb
goog$async$nextTick:UG
goog$bind:wa
goog$bindJs_:va
goog$bindNative_:ua
goog$events$BrowserEvent:ML
goog$events$BrowserEvent$IE_POINTER_TYPE_MAP:NL
goog$events$BrowserFeature$HAS_W3C_EVENT_SUPPORT:IL
goog$events$BrowserFeature$PASSIVE_EVENTS:KL
goog$events$BrowserFeature$SET_KEY_CODE_TO_PREVENT_DEFAULT:JL
goog$events$Event:LL
goog$events$EventTarget:kM
goog$events$LISTENER_MAP_PROP_:VL
goog$events$LISTENER_WRAPPER_PROP_:jM
goog$events$Listenable$IMPLEMENTED_BY_PROP:OL
goog$events$ListenableKey$counter_:PL
goog$events$Listener:QL
goog$events$ListenerMap:SL
goog$events$ListenerMap$findListenerIndex_:TL
goog$events$fireListener:iM
goog$events$fireListeners_:hM
goog$events$getListenerMap_:bM
goog$events$getOnString_:dM
goog$events$getProxy:cM
goog$events$handleBrowserEvent_:eM
goog$events$listen:YL
goog$events$listenOnce:ZL
goog$events$listen_:aM
goog$events$listenerCountEstimate_:XL
goog$events$onStringMap_:WL
goog$events$unlisten:fM
goog$events$unlistenByKey:gM
goog$events$wrapListener:$L
goog$getUid:pa
goog$global:ca
goog$inherits:za
goog$isArrayLike:la
goog$isFunction:ma
goog$isObject:na
goog$isString:fa
goog$labs$userAgent$browser$getIEVersion_:Zz
goog$labs$userAgent$browser$getVersion:Yz
goog$labs$userAgent$browser$matchChrome_:Xz
goog$labs$userAgent$browser$matchIE_:Wz
goog$labs$userAgent$platform$isIphone:pz
goog$labs$userAgent$util$extractVersionTuples:Vz
goog$labs$userAgent$util$matchUserAgent:jz
goog$labs$userAgent$util$userAgent_:hb
goog$math$Integer:Ra
goog$math$Integer$IntCache_:Sa
goog$math$Integer$ONE:Xa
goog$math$Integer$TWO_PWR_24_:Ya
goog$math$Integer$TWO_PWR_32_DBL_:Wa
goog$math$Integer$ZERO:Va
goog$math$Integer$carry16_:ab
goog$math$Integer$fromInt:Ta
goog$math$Integer$fromNumber:Ua
goog$math$Long:Ea
goog$math$Long$MAX_VALUE_:Ga
goog$math$Long$MIN_VALUE_:Ha
goog$math$Long$NEG_ONE_:Oa
goog$math$Long$ONE_:Ma
goog$math$Long$ZERO_:Ia
goog$math$Long$fromBits:Ka
goog$math$Long$fromNumber:Fa
goog$math$Long$fromString:La
goog$net$DefaultXmlHttpFactory:rM
goog$net$XhrIo:tM
goog$net$XhrIo$HTTP_SCHEME_PATTERN:vM
goog$net$XhrIo$METHODS_WITH_FORM_DATA:wM
goog$net$XhrIo$ResponseType$DEFAULT:uM
goog$net$XhrIo$buildProgressEvent_:FM
goog$net$XhrIo$isContentTypeHeader_:yM
goog$net$XhrIo$shouldUseXhr2Timeout_:AM
goog$net$XmlHttp$factory_:qM
goog$net$XmlHttpFactory:nM
goog$nullFunction:ha
goog$object$PROTOTYPE_FIELDS_:sb
goog$object$containsKey:qb
goog$object$extend:tb
goog$object$get:rb
goog$object$getKeys:pb
goog$object$map:ob
goog$partial:xa
goog$reflect$cache:Ca
goog$reflect$sinkValue:Ba
goog$string$StringBuffer:Ib
goog$string$capitalize:mb
goog$string$internal$caseInsensitiveContains:gb
goog$string$internal$compareElements_:jb
goog$string$internal$compareVersions:ib
goog$string$internal$endsWith:cb
goog$string$internal$isEmptyOrWhitespace:db
goog$string$internal$startsWith:bb
goog$string$internal$trim:eb
goog$string$isEmptyOrWhitespaceSafe:kb
goog$string$isUnicodeChar:lb
goog$string$splitLimit:nb
goog$structs$Map:Eb
goog$structs$Map$defaultEquals:Gb
goog$structs$forEach:Db
goog$structs$getValues:Cb
goog$typeOf:ka
goog$uidCounter_:sa
goog$uri$utils$splitRe_:Hb
goog$userAgent$EDGE:sz
goog$userAgent$GECKO:tz
goog$userAgent$IE:rz
goog$userAgent$OPERA:qz
goog$userAgent$VERSION:xz
goog$userAgent$WEBKIT:uz
goog$userAgent$getDocumentMode_:wz
goog$userAgent$isVersionOrHigher:Bz
goog$userAgent$isVersionOrHigherCache_:Da
guestbook$core$errors_component:ZP
guestbook$core$home:bQ
guestbook$core$message_form:$P
guestbook$core$message_list:aQ
guestbook$validation$message_schema:UP
hierarchy__4617__auto__$jscomp$inline_2302:fD
hierarchy__4617__auto__$jscomp$inline_2336:xD
hierarchy__4617__auto__$jscomp$inline_2714:tQ
i__44778$jscomp$inline_2986:HQ
i__47807_47935$jscomp$inline_2943:TQ
known_features$jscomp$inline_2980:BQ
lib_info$jscomp$inline_2982:DQ
listener$jscomp$inline_1785:fQ
method_cache__4615__auto__$jscomp$inline_2300:dD
method_cache__4615__auto__$jscomp$inline_2334:vD
method_cache__4615__auto__$jscomp$inline_2712:rQ
method_table__4613__auto__$jscomp$inline_2298:bD
method_table__4613__auto__$jscomp$inline_2332:tD
method_table__4613__auto__$jscomp$inline_2710:pQ
module$node_modules$react$index:eH
module$node_modules$react_dom$index:TI
navigator$jscomp$inline_925:Tz
navigator$jscomp$inline_928:$z
opt_object$jscomp$inline_2698:lQ
part$jscomp$inline_2702:oQ
parts$jscomp$inline_2700:mQ
prefer_table__4614__auto__$jscomp$inline_2299:cD
prefer_table__4614__auto__$jscomp$inline_2333:uD
prefer_table__4614__auto__$jscomp$inline_2711:qQ
re_frame:aN
re_frame$cofx$inject_db:PN
re_frame$core$reg_event_db:TN
re_frame$core$reg_event_fx$cljs$0core$0IFn$0_invoke$0arity$02:kQ
re_frame$core$reg_sub$cljs$0core$0IFn$0_invoke$0arity$0variadic:SN
re_frame$db$app_db:fN
re_frame$events$_STAR_handling_STAR_:yN
re_frame$fx$do_fx:ON
re_frame$interceptor$__GT_interceptor:tN
re_frame$interceptor$assoc_coeffect:vN
re_frame$interceptor$assoc_effect:gQ
re_frame$interceptor$enqueue:xN
re_frame$interceptor$get_coeffect$cljs$0core$0IFn$0_invoke$0arity$02:uN
re_frame$interceptor$invoke_interceptors:wN
re_frame$interop$add_on_dispose_BANG_:cN
re_frame$interop$deref_QMARK_:bN
re_frame$interop$empty_queue:Zg
re_frame$interop$reagent_id:eN
re_frame$interop$set_timeout_BANG_:dN
re_frame$loggers$console:hN
re_frame$loggers$loggers:gN
re_frame$registrar$clear_handlers:pN
re_frame$registrar$get_handler$cljs$0core$0IFn$0_invoke$0arity$02:nN
re_frame$registrar$kind__GT_id__GT_handler:mN
re_frame$registrar$register_handler:oN
re_frame$router$dispatch:NN
re_frame$router$event_queue:MN
re_frame$router$later_fns:GN
re_frame$settings$store:kN
re_frame$std_interceptors$db_handler__GT_interceptor:QN
re_frame$std_interceptors$fx_handler__GT_interceptor:hQ
re_frame$std_interceptors$inject_global_interceptors:RN
re_frame$std_interceptors$path:iQ
re_frame$std_interceptors$path$cljs$0core$0IFn$0_invoke$0arity$0variadic:jQ
re_frame$subs$cache_and_return:AN
re_frame$subs$cache_lookup$cljs$0core$0IFn$0_invoke$0arity$02:BN
re_frame$subs$deref_input_signals:EN
re_frame$subs$map_vals:DN
re_frame$subs$query__GT_reaction:zN
re_frame$subs$reg_sub:FN
re_frame$subs$subscribe:CN
re_frame$trace:qN
re_frame$trace$next_delivery:sN
re_frame$trace$traces:rN
re_frame$utils$dissoc_in:iN
re_frame$utils$first_in_vector:jN
reagent:fH
reagent$core$after_render:YI
reagent$debug:pH
reagent$debug$track_console:rH
reagent$debug$warnings:qH
reagent$dom:UI
reagent$dom$render$cljs$0core$0IFn$0_invoke$0arity$03:XI
reagent$dom$render_comp:WI
reagent$dom$roots:VI
reagent$impl:gH
reagent$impl$batching:sH
reagent$impl$batching$RenderQueue:AH
reagent$impl$batching$compare_mount_order:wH
reagent$impl$batching$enqueue:zH
reagent$impl$batching$fake_raf:uH
reagent$impl$batching$mount_count:tH
reagent$impl$batching$next_tick:vH
reagent$impl$batching$queue_render:CH
reagent$impl$batching$ratom_flush:xH
reagent$impl$batching$render_queue:BH
reagent$impl$batching$run_funs:yH
reagent$impl$component:dI
reagent$impl$component$_STAR_current_component_STAR_:eI
reagent$impl$component$as_element:hI
reagent$impl$component$built_in_static_method_names:rI
reagent$impl$component$camelify_map_keys:oI
reagent$impl$component$create_class:sI
reagent$impl$component$custom_wrapper:kI
reagent$impl$component$dash_to_method_name:nI
reagent$impl$component$get_wrapper:lI
reagent$impl$component$map_to_js:qI
reagent$impl$component$obligatory:mI
reagent$impl$component$props_argv:fI
reagent$impl$component$rat_opts:cI
reagent$impl$component$reagent_class_QMARK_:gI
reagent$impl$component$static_fns:jI
reagent$impl$component$wrap_funs:pI
reagent$impl$component$wrap_render:iI
reagent$impl$template:tI
reagent$impl$template$HiccupTag:LI
reagent$impl$template$as_element:QI
reagent$impl$template$cache_get:wI
reagent$impl$template$convert_custom_prop_value:BI
reagent$impl$template$convert_prop_value:yI
reagent$impl$template$custom_kv_conv:AI
reagent$impl$template$custom_prop_name_cache:zI
reagent$impl$template$expand_seq:SI
reagent$impl$template$find_dom_node:CI
reagent$impl$template$get_key:MI
reagent$impl$template$input_component_set_value:FI
reagent$impl$template$input_handle_change:GI
reagent$impl$template$input_node_set_value:EI
reagent$impl$template$input_render_setup:HI
reagent$impl$template$input_spec:KI
reagent$impl$template$key_from_vec:NI
reagent$impl$template$kv_conv:xI
reagent$impl$template$make_element:JI
reagent$impl$template$native_element:PI
reagent$impl$template$prop_name_cache:vI
reagent$impl$template$re_tag:uI
reagent$impl$template$reagent_input_class:II
reagent$impl$template$tag_name_cache:OI
reagent$impl$template$these_inputs_have_selection_api:DI
reagent$impl$template$vec_to_elem:RI
reagent$impl$util$_STAR_always_update_STAR_:oH
reagent$impl$util$capitalize:jH
reagent$impl$util$class_names:nH
reagent$impl$util$dash_to_prop_name:kH
reagent$impl$util$dont_camel_case:iH
reagent$impl$util$fun_name:lH
reagent$impl$util$is_client:hH
reagent$impl$util$named_QMARK_:mH
reagent$ratom:DH
reagent$ratom$RAtom:RH
reagent$ratom$RCursor:WH
reagent$ratom$Reaction:$H
reagent$ratom$Track:VH
reagent$ratom$_STAR_ratom_context_STAR_:EH
reagent$ratom$_running:HH
reagent$ratom$add_on_dispose_BANG_:YH
reagent$ratom$add_w:LH
reagent$ratom$atom:SH
reagent$ratom$cached_reaction:TH
reagent$ratom$check_watches:KH
reagent$ratom$debug:FH
reagent$ratom$deref_capture:IH
reagent$ratom$dispose_BANG_:XH
reagent$ratom$flush_BANG_:QH
reagent$ratom$generation:GH
reagent$ratom$handle_reaction_change:ZH
reagent$ratom$make_reaction:UH
reagent$ratom$notify_deref_watcher_BANG_:JH
reagent$ratom$notify_w:NH
reagent$ratom$pr_atom:OH
reagent$ratom$rea_queue:PH
reagent$ratom$remove_w:MH
reagent$ratom$run_in_reaction:bI
reagent$ratom$temp_reaction:aI
rhex$jscomp$inline_1607:XP
rxn_47939$jscomp$inline_2945:VQ
rxn_47956$jscomp$inline_2953:cR
seq__44775$jscomp$inline_2983:EQ
seq__44775__$1$jscomp$inline_2989:KQ
seq__47804_47932$jscomp$inline_2940:QQ
seq__47804_47948__$1$jscomp$inline_2947:XQ
shadow$js$files:aH
shadow$js$jsRequire:dH
shadow$js$nativeRequires:bH
shadow$js$requireStack:cH
struct$core$apply_validation:KP
struct$core$build_step:OP
struct$core$dissoc_in:LP
struct$core$normalize_step_entry:QP
struct$core$normalize_step_map_entry:PP
struct$core$notopts_QMARK_:NP
struct$core$prepare_message:MP
struct$core$required:VP
struct$core$string:WP
struct$core$strip_values:RP
struct$core$validate_internal:SP
temp__5733__auto__$jscomp$inline_2926:wQ
temp__5735__auto__$jscomp$inline_2988:JQ
temp__5735__auto___47947$jscomp$inline_2946:WQ
userAgent$jscomp$inline_926:Uz
vec__47835_47937$jscomp$inline_2944:UQ
vec__47841_47954$jscomp$inline_2952:bR
version$jscomp$inline_930:aA
xmlhttprequest$jscomp$inline_1781:dQ
