ESC:gh
__extmap:D
__hash:H
__meta:T
_entries:Ca
_hash:Xc
_keys:Yc
_marshaller:md
_meta:Ob
_name:gb
_next:Lb
_seq:nd
accesses:uf
active_:Zc
actualEventTarget_:dg
add_left:vf
add_right:wf
afn:K
afterRender:Sd
ajax$protocols$AjaxImpl$_js_ajax_request$arity$3:Be
ajax$protocols$AjaxResponse$_body$arity$1:Ce
ajax$protocols$AjaxResponse$_get_all_headers$arity$1:De
ajax$protocols$AjaxResponse$_get_response_header$arity$2:Ee
ajax$protocols$AjaxResponse$_status$arity$1:Fe
ajax$protocols$AjaxResponse$_status_text$arity$1:Ge
ajax$protocols$AjaxResponse$_was_aborted$arity$1:He
ajax$protocols$Interceptor$_process_request$arity$2:od
ajax$protocols$Interceptor$_process_response$arity$2:pd
args:qd
arr:C
arrayBuilder:$c
ascending_QMARK_:Jc
auto_run:mc
backingMap:Aa
balance_left:xf
balance_right:yf
base_count:zf
beforeFlush:Td
bitmap:Ga
bits_:Ha
blacken:sc
bucket:Kc
bucketIdx:Dc
buf:Lc
buf_len:Ie
buf_pos:Wb
buffer_:Ec
cacheSize:eg
cachedOptions_:Af
cached_hierarchy:Ud
callOnce:Vd
capped:rd
caught:Je
cause:Bf
cb:Cf
chunk:ta
chunk_next:sd
ci:td
cljs$core$APersistentVector$:Ke
cljs$core$Fn$:Df
cljs$core$IAssociative$:hh
cljs$core$IAssociative$_assoc$arity$3:sa
cljs$core$IChunk$_drop_first$arity$1:Le
cljs$core$IChunkedNext$_chunked_next$arity$1:Me
cljs$core$IChunkedSeq$:ih
cljs$core$IChunkedSeq$_chunked_first$arity$1:Wd
cljs$core$IChunkedSeq$_chunked_rest$arity$1:ad
cljs$core$ICloneable$_clone$arity$1:Ia
cljs$core$ICollection$:jh
cljs$core$ICollection$_conj$arity$2:oa
cljs$core$IComparable$:nc
cljs$core$IComparable$_compare$arity$2:Pb
cljs$core$ICounted$:fg
cljs$core$ICounted$_count$arity$1:na
cljs$core$IDeref$:ud
cljs$core$IDeref$_deref$arity$1:Ib
cljs$core$IEditableCollection$:gg
cljs$core$IEditableCollection$_as_transient$arity$1:bd
cljs$core$IEmptyableCollection$:hg
cljs$core$IEmptyableCollection$_empty$arity$1:ya
cljs$core$IEncodeClojure$:kh
cljs$core$IEncodeClojure$_js__GT_clj$arity$2:ig
cljs$core$IEncodeJS$:jg
cljs$core$IEncodeJS$_clj__GT_js$arity$1:kg
cljs$core$IEquiv$_equiv$arity$2:V
cljs$core$IFind$_find$arity$2:tc
cljs$core$IFn$:lh
cljs$core$IFn$_invoke$arity$0:s
cljs$core$IFn$_invoke$arity$1:h
cljs$core$IFn$_invoke$arity$10:Oa
cljs$core$IFn$_invoke$arity$11:Pa
cljs$core$IFn$_invoke$arity$12:Qa
cljs$core$IFn$_invoke$arity$13:Ra
cljs$core$IFn$_invoke$arity$14:Sa
cljs$core$IFn$_invoke$arity$15:Ta
cljs$core$IFn$_invoke$arity$16:Ua
cljs$core$IFn$_invoke$arity$17:Va
cljs$core$IFn$_invoke$arity$18:Wa
cljs$core$IFn$_invoke$arity$19:Xa
cljs$core$IFn$_invoke$arity$2:j
cljs$core$IFn$_invoke$arity$20:Ya
cljs$core$IFn$_invoke$arity$21:vd
cljs$core$IFn$_invoke$arity$22:oc
cljs$core$IFn$_invoke$arity$3:l
cljs$core$IFn$_invoke$arity$4:N
cljs$core$IFn$_invoke$arity$5:da
cljs$core$IFn$_invoke$arity$6:wa
cljs$core$IFn$_invoke$arity$7:Za
cljs$core$IFn$_invoke$arity$8:Ja
cljs$core$IFn$_invoke$arity$9:$a
cljs$core$IFn$_invoke$arity$variadic:o
cljs$core$IHash$:Ne
cljs$core$IHash$_hash$arity$1:fa
cljs$core$IIndexed$:Ef
cljs$core$IIndexed$_nth$arity$2:ca
cljs$core$IIndexed$_nth$arity$3:ua
cljs$core$IIterable$:mh
cljs$core$IIterable$_iterator$arity$1:Ka
cljs$core$IKVReduce$:nh
cljs$core$IKVReduce$_kv_reduce$arity$3:ob
cljs$core$IList$:oh
cljs$core$ILookup$:lg
cljs$core$ILookup$_lookup$arity$2:ka
cljs$core$ILookup$_lookup$arity$3:Y
cljs$core$IMap$:mg
cljs$core$IMap$_dissoc$arity$2:Cb
cljs$core$IMapEntry$:ph
cljs$core$IMapEntry$_key$arity$1:Oe
cljs$core$IMapEntry$_val$arity$1:Pe
cljs$core$IMeta$:Ff
cljs$core$IMeta$_meta$arity$1:ha
cljs$core$IMultiFn$_add_method$arity$3:xa
cljs$core$INamed$:Gf
cljs$core$INamed$_name$arity$1:Xd
cljs$core$INamed$_namespace$arity$1:Yd
cljs$core$INext$:wd
cljs$core$INext$_next$arity$1:bb
cljs$core$IPending$:qh
cljs$core$IPending$_realized_QMARK_$arity$1:Zd
cljs$core$IPrintWithWriter$:qa
cljs$core$IPrintWithWriter$_pr_writer$arity$3:ea
cljs$core$IRecord$:rh
cljs$core$IReduce$:ng
cljs$core$IReduce$_reduce$arity$2:cb
cljs$core$IReduce$_reduce$arity$3:eb
cljs$core$IReset$_reset_BANG_$arity$2:Db
cljs$core$IReversible$:sh
cljs$core$IReversible$_rseq$arity$1:uc
cljs$core$ISeq$:ia
cljs$core$ISeq$_first$arity$1:ib
cljs$core$ISeq$_rest$arity$1:jb
cljs$core$ISeqable$:Qe
cljs$core$ISeqable$_seq$arity$1:la
cljs$core$ISequential$:Re
cljs$core$ISet$:og
cljs$core$ISet$_disjoin$arity$2:Se
cljs$core$IStack$_peek$arity$1:vc
cljs$core$IStack$_pop$arity$1:wc
cljs$core$ISwap$_swap_BANG_$arity$2:$d
cljs$core$ISwap$_swap_BANG_$arity$3:ae
cljs$core$ISwap$_swap_BANG_$arity$4:be
cljs$core$ISwap$_swap_BANG_$arity$5:ce
cljs$core$ITransientAssociative$_assoc_BANG_$arity$3:cd
cljs$core$ITransientCollection$_conj_BANG_$arity$2:dd
cljs$core$ITransientCollection$_persistent_BANG_$arity$1:xd
cljs$core$IVector$:th
cljs$core$IVector$_assoc_n$arity$3:Xb
cljs$core$IVolatile$_vreset_BANG_$arity$2:Hf
cljs$core$IWatchable$_add_watch$arity$3:yd
cljs$core$IWatchable$_notify_watches$arity$3:de
cljs$core$IWatchable$_remove_watch$arity$2:zd
cljs$core$IWithMeta$_with_meta$arity$2:ja
cljs$core$IWriter$_flush$arity$1:Qb
cljs$core$IWriter$_write$arity$2:xc
cljs$lang$applyTo:J
cljs$lang$ctorPrWriter:Fc
cljs$lang$ctorStr:Yb
cljs$lang$maxFixedArity:I
cljs$lang$protocol_mask$partition$:Eb
cljs$lang$protocol_mask$partition0$:A
cljs$lang$protocol_mask$partition1$:X
cljs$lang$test:pg
cljs$lang$type:Zb
cljs$pprint$IPrettyFlush$_ppflush$arity$1:Te
cljs$tools$reader$reader_types$IPushbackReader$unread$arity$2:If
cljs$tools$reader$reader_types$IndexingReader$:uh
cljs$tools$reader$reader_types$IndexingReader$get_column_number$arity$1:qg
cljs$tools$reader$reader_types$IndexingReader$get_file_name$arity$1:rg
cljs$tools$reader$reader_types$IndexingReader$get_line_number$arity$1:sg
cljs$tools$reader$reader_types$Reader$peek_char$arity$1:Ad
cljs$tools$reader$reader_types$Reader$read_char$arity$1:Mc
cljsDOMValue:ee
cljsInputDirty:Jf
cljsInputLive:Ue
cljsLegacyRender:tg
cljsMountOrder:Kf
cljsReactClass:Lf
cljsRenderedValue:ug
cljsState:vg
clojure$data$Diff$diff_similar$arity$2:wg
clojure$data$EqualityPartition$equality_partition$arity$1:xg
cnt:O
coll:fe
collision_hash:yc
com$cognitect$transit$equals:Rb
com$cognitect$transit$hashCode:$b
comp:Mb
completed:Ve
componentQueue:ge
content_type:ac
count_:zc
custom:yg
decoder:zg
def:Sb
defaultHandler:We
default_dispatch_val:Ag
defaults:Bd
devtools$format$IDevtoolsFormat$:he
devtools$format$IDevtoolsFormat$_body$arity$1:Bg
devtools$format$IDevtoolsFormat$_has_body$arity$1:Cg
devtools$format$IDevtoolsFormat$_header$arity$1:Dg
devtools$protocols$IFormat$:ie
devtools$protocols$IFormat$_body$arity$1:Eg
devtools$protocols$IFormat$_has_body$arity$1:Fg
devtools$protocols$IFormat$_header$arity$1:Gg
devtools$protocols$IGroup$:Hg
devtools$protocols$ISurrogate$:Ig
devtools$protocols$ITemplate$:Jg
dirty_QMARK_:Gc
dispatch_fn:M
disposed_:Xe
done_nl:pb
edit:Da
editable_QMARK_:ed
end_pos:Z
ensure_editable:Nc
equals:bc
errorDispatched_:Ye
eventTargetListeners_:Ac
event_:Cd
ext_map_iter:Mf
fields:Oc
fn:fd
fqn:za
front:yb
fseq:gd
fsm_state:je
gen:Dd
getBasis:hd
getKeys:pc
getListener:Ze
getSetImmediateEmulator_:Kg
getValues:Ed
greaterThan:ke
greaterThanOrEqual:$e
handlerForForeign:Fd
handlers:kb
hasNext:va
has_nil_QMARK_:nb
hashCode:Ea
hash_map:qc
hierarchy:le
high_:Ba
idx:La
ieProgId_:Nf
inAbort_:Gd
inOpen_:af
inSend_:me
indent:qb
inode_assoc:cc
inode_assoc_BANG_:dc
inode_find:Hd
inode_lookup:Pc
inode_seq:Id
inode_without:Jd
intra_block_nl:rb
isEmpty:ne
isNegative:sb
isZero:Fb
iter:bf
keySet:Qc
keys_:zb
kv_reduce:Rc
lastErrorCode_:jd
lastError_:oe
lastUri_:cf
last_was_whitespace_QMARK_:Kd
lb:Lg
len:Sc
lessThan:pe
lessThanOrEqual:df
logical_block:ga
logical_block_callback:tb
low_:Fa
mapBuilder:Tb
map_:Bc
markup_db:Mg
marshaller:Ng
max_columns:ef
meta40494:Og
meta42723:Pg
meta43461:Qg
meta44065:Rg
meta44072:Sg
meta44083:Tg
meta44102:Ug
method_cache:qe
method_table:re
miser_width:Vg
more:ec
mseq:ra
multi:Wg
negate:Na
next_entry:Ld
next_iter:fc
nil_val:mb
nocache_QMARK_:Of
nodes:gc
not:Pf
ns:Ab
obj:ff
objectBuilder:Qf
onProgressHandler_:Rf
onReadyStateChangeEntryPoint_:Xg
onReadyStateChange_:Sf
on_dispose:Tf
on_dispose_arr:Uf
on_set:Yg
opts:Hc
params:Ub
parentEventTarget_:Vf
per_line_prefix:ub
pos:hc
post_event_callback_fns:Zg
preferBuffers:gf
preferStrings:se
prefer_table:$g
progressEventsEnabled_:Wf
propagationStopped_:Tc
ratom:ab
rdr:Xf
reaction:Md
reagReactionCache:hf
reagent$ratom$IDisposable$add_on_dispose_BANG_$arity$2:Yf
reagent$ratom$IDisposable$dispose_BANG_$arity$1:jf
reagentRender:kf
rear:Gb
record:ah
redden:Nd
relative_to:Jb
removed:kd
responseType_:te
rest:hb
returnValue_:Zf
riter:Od
root_iter:$f
s:ma
s_len:ag
s_pos:ld
sb:bh
scheduled_QMARK_:ue
section:vb
seen:lf
seq:ic
setImmediate_:mf
shiftRight:Ic
sign_:Hb
sourceIter:nf
start_col:wb
start_pos:aa
str:Bb
subtract:Uc
suffix:xb
superClass_:bg
sym:Vc
timeoutId_:ve
timeoutInterval_:Pd
timeout_:cg
toInt:pf
toNumber:Vb
trailing_white_space:Nb
transient_map:Cc
tree:rc
tree_map:jc
typeCount_:Qd
type_tag:ba
unicode:vh
unmarshaller:dh
unpack:we
useSetImmediate_:eh
useXhr2Timeout_:qf
uuid:kc
v:fb
val:v
validator:rf
vals:xe
vec:Kb
verbose:Rd
watches:lb
watchesArr:sf
watching:Wc
withCredentials_:tf
wrapCallback_:fh
writer:Ma
xf:lc
xform:ye
xhrOptions_:ze
xhr_:pa
xmlHttpFactory_:Ae
